Archive member included to satisfy reference by file (symbol)

c:/st/stm32cubeide_1.8.0/stm32cubeide/plugins/com.st.stm32cube.ide.mcu.externaltools.gnu-tools-for-stm32.9-2020-q2-update.win32_2.0.0.202105311346/tools/bin/../lib/gcc/arm-none-eabi/9.3.1/../../../../arm-none-eabi/lib/thumb/v7e-m+fp/hard\libc_nano.a(lib_a-errno.o)
                              ./Core/Src/syscalls.o (__errno)
c:/st/stm32cubeide_1.8.0/stm32cubeide/plugins/com.st.stm32cube.ide.mcu.externaltools.gnu-tools-for-stm32.9-2020-q2-update.win32_2.0.0.202105311346/tools/bin/../lib/gcc/arm-none-eabi/9.3.1/../../../../arm-none-eabi/lib/thumb/v7e-m+fp/hard\libc_nano.a(lib_a-exit.o)
                              c:/st/stm32cubeide_1.8.0/stm32cubeide/plugins/com.st.stm32cube.ide.mcu.externaltools.gnu-tools-for-stm32.9-2020-q2-update.win32_2.0.0.202105311346/tools/bin/../lib/gcc/arm-none-eabi/9.3.1/../../../../arm-none-eabi/lib/thumb/v7e-m+fp/hard/crt0.o (exit)
c:/st/stm32cubeide_1.8.0/stm32cubeide/plugins/com.st.stm32cube.ide.mcu.externaltools.gnu-tools-for-stm32.9-2020-q2-update.win32_2.0.0.202105311346/tools/bin/../lib/gcc/arm-none-eabi/9.3.1/../../../../arm-none-eabi/lib/thumb/v7e-m+fp/hard\libc_nano.a(lib_a-findfp.o)
                              ./Middlewares/Third_Party/FreeRTOS/Source/tasks.o (__sf_fake_stderr)
c:/st/stm32cubeide_1.8.0/stm32cubeide/plugins/com.st.stm32cube.ide.mcu.externaltools.gnu-tools-for-stm32.9-2020-q2-update.win32_2.0.0.202105311346/tools/bin/../lib/gcc/arm-none-eabi/9.3.1/../../../../arm-none-eabi/lib/thumb/v7e-m+fp/hard\libc_nano.a(lib_a-fwalk.o)
                              c:/st/stm32cubeide_1.8.0/stm32cubeide/plugins/com.st.stm32cube.ide.mcu.externaltools.gnu-tools-for-stm32.9-2020-q2-update.win32_2.0.0.202105311346/tools/bin/../lib/gcc/arm-none-eabi/9.3.1/../../../../arm-none-eabi/lib/thumb/v7e-m+fp/hard\libc_nano.a(lib_a-findfp.o) (_fwalk)
c:/st/stm32cubeide_1.8.0/stm32cubeide/plugins/com.st.stm32cube.ide.mcu.externaltools.gnu-tools-for-stm32.9-2020-q2-update.win32_2.0.0.202105311346/tools/bin/../lib/gcc/arm-none-eabi/9.3.1/../../../../arm-none-eabi/lib/thumb/v7e-m+fp/hard\libc_nano.a(lib_a-impure.o)
                              c:/st/stm32cubeide_1.8.0/stm32cubeide/plugins/com.st.stm32cube.ide.mcu.externaltools.gnu-tools-for-stm32.9-2020-q2-update.win32_2.0.0.202105311346/tools/bin/../lib/gcc/arm-none-eabi/9.3.1/../../../../arm-none-eabi/lib/thumb/v7e-m+fp/hard\libc_nano.a(lib_a-exit.o) (_global_impure_ptr)
c:/st/stm32cubeide_1.8.0/stm32cubeide/plugins/com.st.stm32cube.ide.mcu.externaltools.gnu-tools-for-stm32.9-2020-q2-update.win32_2.0.0.202105311346/tools/bin/../lib/gcc/arm-none-eabi/9.3.1/../../../../arm-none-eabi/lib/thumb/v7e-m+fp/hard\libc_nano.a(lib_a-init.o)
                              c:/st/stm32cubeide_1.8.0/stm32cubeide/plugins/com.st.stm32cube.ide.mcu.externaltools.gnu-tools-for-stm32.9-2020-q2-update.win32_2.0.0.202105311346/tools/bin/../lib/gcc/arm-none-eabi/9.3.1/../../../../arm-none-eabi/lib/thumb/v7e-m+fp/hard/crt0.o (__libc_init_array)
c:/st/stm32cubeide_1.8.0/stm32cubeide/plugins/com.st.stm32cube.ide.mcu.externaltools.gnu-tools-for-stm32.9-2020-q2-update.win32_2.0.0.202105311346/tools/bin/../lib/gcc/arm-none-eabi/9.3.1/../../../../arm-none-eabi/lib/thumb/v7e-m+fp/hard\libc_nano.a(lib_a-lock.o)
                              c:/st/stm32cubeide_1.8.0/stm32cubeide/plugins/com.st.stm32cube.ide.mcu.externaltools.gnu-tools-for-stm32.9-2020-q2-update.win32_2.0.0.202105311346/tools/bin/../lib/gcc/arm-none-eabi/9.3.1/../../../../arm-none-eabi/lib/thumb/v7e-m+fp/hard\libc_nano.a(lib_a-findfp.o) (__retarget_lock_init_recursive)
c:/st/stm32cubeide_1.8.0/stm32cubeide/plugins/com.st.stm32cube.ide.mcu.externaltools.gnu-tools-for-stm32.9-2020-q2-update.win32_2.0.0.202105311346/tools/bin/../lib/gcc/arm-none-eabi/9.3.1/../../../../arm-none-eabi/lib/thumb/v7e-m+fp/hard\libc_nano.a(lib_a-memcpy-stub.o)
                              ./Middlewares/Third_Party/FreeRTOS/Source/queue.o (memcpy)
c:/st/stm32cubeide_1.8.0/stm32cubeide/plugins/com.st.stm32cube.ide.mcu.externaltools.gnu-tools-for-stm32.9-2020-q2-update.win32_2.0.0.202105311346/tools/bin/../lib/gcc/arm-none-eabi/9.3.1/../../../../arm-none-eabi/lib/thumb/v7e-m+fp/hard\libc_nano.a(lib_a-memset.o)
                              c:/st/stm32cubeide_1.8.0/stm32cubeide/plugins/com.st.stm32cube.ide.mcu.externaltools.gnu-tools-for-stm32.9-2020-q2-update.win32_2.0.0.202105311346/tools/bin/../lib/gcc/arm-none-eabi/9.3.1/../../../../arm-none-eabi/lib/thumb/v7e-m+fp/hard/crt0.o (memset)
c:/st/stm32cubeide_1.8.0/stm32cubeide/plugins/com.st.stm32cube.ide.mcu.externaltools.gnu-tools-for-stm32.9-2020-q2-update.win32_2.0.0.202105311346/tools/bin/../lib/gcc/arm-none-eabi/9.3.1/../../../../arm-none-eabi/lib/thumb/v7e-m+fp/hard\libc_nano.a(lib_a-nano-mallocr.o)
[...]
Memory Configuration

Name             Origin             Length             Attributes
CCMRAM           0x0000000010000000 0x0000000000010000 xrw
RAM              0x0000000020000000 0x0000000000020000 xrw
FLASH            0x0000000008000000 0x00000000000f0000 xr
*default*        0x0000000000000000 0xffffffffffffffff

Linker script and memory map

LOAD c:/st/stm32cubeide_1.8.0/stm32cubeide/plugins/com.st.stm32cube.ide.mcu.externaltools.gnu-tools-for-stm32.9-2020-q2-update.win32_2.0.0.202105311346/tools/bin/../lib/gcc/arm-none-eabi/9.3.1/thumb/v7e-m+fp/hard/crti.o
LOAD c:/st/stm32cubeide_1.8.0/stm32cubeide/plugins/com.st.stm32cube.ide.mcu.externaltools.gnu-tools-for-stm32.9-2020-q2-update.win32_2.0.0.202105311346/tools/bin/../lib/gcc/arm-none-eabi/9.3.1/thumb/v7e-m+fp/hard/crtbegin.o
LOAD c:/st/stm32cubeide_1.8.0/stm32cubeide/plugins/com.st.stm32cube.ide.mcu.externaltools.gnu-tools-for-stm32.9-2020-q2-update.win32_2.0.0.202105311346/tools/bin/../lib/gcc/arm-none-eabi/9.3.1/../../../../arm-none-eabi/lib/thumb/v7e-m+fp/hard/crt0.o
LOAD ./Core/Src/freertos.o
LOAD ./Core/Src/main.o
LOAD ./Core/Src/stm32f4xx_hal_msp.o
LOAD ./Core/Src/stm32f4xx_hal_timebase_tim.o
LOAD ./Core/Src/stm32f4xx_it.o
LOAD ./Core/Src/syscalls.o
LOAD ./Core/Src/sysmem.o
LOAD ./Core/Src/system_stm32f4xx.o
LOAD ./Core/Startup/startup_stm32f407igtx.o
LOAD ./Drivers/STM32F4xx_HAL_Driver/Src/stm32f4xx_hal.o
LOAD ./Drivers/STM32F4xx_HAL_Driver/Src/stm32f4xx_hal_adc.o
LOAD ./Drivers/STM32F4xx_HAL_Driver/Src/stm32f4xx_hal_adc_ex.o
LOAD ./Drivers/STM32F4xx_HAL_Driver/Src/stm32f4xx_hal_cortex.o
LOAD ./Drivers/STM32F4xx_HAL_Driver/Src/stm32f4xx_hal_dma.o
LOAD ./Drivers/STM32F4xx_HAL_Driver/Src/stm32f4xx_hal_dma_ex.o
LOAD ./Drivers/STM32F4xx_HAL_Driver/Src/stm32f4xx_hal_exti.o
LOAD ./Drivers/STM32F4xx_HAL_Driver/Src/stm32f4xx_hal_flash.o
LOAD ./Drivers/STM32F4xx_HAL_Driver/Src/stm32f4xx_hal_flash_ex.o
LOAD ./Drivers/STM32F4xx_HAL_Driver/Src/stm32f4xx_hal_flash_ramfunc.o
LOAD ./Drivers/STM32F4xx_HAL_Driver/Src/stm32f4xx_hal_gpio.o
LOAD ./Drivers/STM32F4xx_HAL_Driver/Src/stm32f4xx_hal_iwdg.o
LOAD ./Drivers/STM32F4xx_HAL_Driver/Src/stm32f4xx_hal_pwr.o
LOAD ./Drivers/STM32F4xx_HAL_Driver/Src/stm32f4xx_hal_pwr_ex.o
LOAD ./Drivers/STM32F4xx_HAL_Driver/Src/stm32f4xx_hal_rcc.o
LOAD ./Drivers/STM32F4xx_HAL_Driver/Src/stm32f4xx_hal_rcc_ex.o
LOAD ./Drivers/STM32F4xx_HAL_Driver/Src/stm32f4xx_hal_rtc.o
LOAD ./Drivers/STM32F4xx_HAL_Driver/Src/stm32f4xx_hal_rtc_ex.o
LOAD ./Drivers/STM32F4xx_HAL_Driver/Src/stm32f4xx_hal_spi.o
LOAD ./Drivers/STM32F4xx_HAL_Driver/Src/stm32f4xx_hal_tim.o
LOAD ./Drivers/STM32F4xx_HAL_Driver/Src/stm32f4xx_hal_tim_ex.o
LOAD ./Drivers/STM32F4xx_HAL_Driver/Src/stm32f4xx_hal_uart.o
LOAD ./Drivers/STM32F4xx_HAL_Driver/Src/stm32f4xx_ll_adc.o
LOAD ./Middlewares/Third_Party/FreeRTOS/Source/CMSIS_RTOS/cmsis_os.o
LOAD ./Middlewares/Third_Party/FreeRTOS/Source/croutine.o
LOAD ./Middlewares/Third_Party/FreeRTOS/Source/event_groups.o
LOAD ./Middlewares/Third_Party/FreeRTOS/Source/list.o
LOAD ./Middlewares/Third_Party/FreeRTOS/Source/queue.o
LOAD ./Middlewares/Third_Party/FreeRTOS/Source/stream_buffer.o
LOAD ./Middlewares/Third_Party/FreeRTOS/Source/tasks.o
LOAD ./Middlewares/Third_Party/FreeRTOS/Source/timers.o
LOAD ./Middlewares/Third_Party/FreeRTOS/Source/portable/GCC/ARM_CM4F/port.o
LOAD ./Middlewares/Third_Party/FreeRTOS/Source/portable/MemMang/heap_4.o
LOAD ./User/ArmingTask.o
LOAD ./User/CallRingCenteerTask.o
LOAD ./User/DisplayTask.o
LOAD ./User/EventWriteTask.o
LOAD ./User/IbuttonTask.o
LOAD ./User/LedTask .o
LOAD ./User/M95Task.o
LOAD ./User/MainTask.o
LOAD ./User/MeterTask.o
LOAD ./User/ModbusPacketTask.o
LOAD ./User/ModbusTask.o
LOAD ./User/ReadRegistersTask.o
LOAD ./User/SecurityTask.o
LOAD ./User/ce303.o
LOAD ./User/da04_11gwa.o
LOAD ./User/fm25v02.o
LOAD ./User/gpio.o
LOAD ./User/ibutton.o
LOAD ./User/m95.o
LOAD ./User/modbus.o
START GROUP
LOAD c:/st/stm32cubeide_1.8.0/stm32cubeide/plugins/com.st.stm32cube.ide.mcu.externaltools.gnu-tools-for-stm32.9-2020-q2-update.win32_2.0.0.202105311346/tools/bin/../lib/gcc/arm-none-eabi/9.3.1/../../../../arm-none-eabi/lib/thumb/v7e-m+fp/hard\libc_nano.a
LOAD c:/st/stm32cubeide_1.8.0/stm32cubeide/plugins/com.st.stm32cube.ide.mcu.externaltools.gnu-tools-for-stm32.9-2020-q2-update.win32_2.0.0.202105311346/tools/bin/../lib/gcc/arm-none-eabi/9.3.1/../../../../arm-none-eabi/lib/thumb/v7e-m+fp/hard\libm.a
END GROUP
START GROUP
LOAD c:/st/stm32cubeide_1.8.0/stm32cubeide/plugins/com.st.stm32cube.ide.mcu.externaltools.gnu-tools-for-stm32.9-2020-q2-update.win32_2.0.0.202105311346/tools/bin/../lib/gcc/arm-none-eabi/9.3.1/thumb/v7e-m+fp/hard\libgcc.a
LOAD c:/st/stm32cubeide_1.8.0/stm32cubeide/plugins/com.st.stm32cube.ide.mcu.externaltools.gnu-tools-for-stm32.9-2020-q2-update.win32_2.0.0.202105311346/tools/bin/../lib/gcc/arm-none-eabi/9.3.1/../../../../arm-none-eabi/lib/thumb/v7e-m+fp/hard\libc_nano.a
END GROUP
START GROUP
LOAD c:/st/stm32cubeide_1.8.0/stm32cubeide/plugins/com.st.stm32cube.ide.mcu.externaltools.gnu-tools-for-stm32.9-2020-q2-update.win32_2.0.0.202105311346/tools/bin/../lib/gcc/arm-none-eabi/9.3.1/thumb/v7e-m+fp/hard\libgcc.a
LOAD c:/st/stm32cubeide_1.8.0/stm32cubeide/plugins/com.st.stm32cube.ide.mcu.externaltools.gnu-tools-for-stm32.9-2020-q2-update.win32_2.0.0.202105311346/tools/bin/../lib/gcc/arm-none-eabi/9.3.1/../../../../arm-none-eabi/lib/thumb/v7e-m+fp/hard\libc_nano.a
LOAD c:/st/stm32cubeide_1.8.0/stm32cubeide/plugins/com.st.stm32cube.ide.mcu.externaltools.gnu-tools-for-stm32.9-2020-q2-update.win32_2.0.0.202105311346/tools/bin/../lib/gcc/arm-none-eabi/9.3.1/../../../../arm-none-eabi/lib/thumb/v7e-m+fp/hard\libnosys.a
END GROUP
START GROUP
LOAD c:/st/stm32cubeide_1.8.0/stm32cubeide/plugins/com.st.stm32cube.ide.mcu.externaltools.gnu-tools-for-stm32.9-2020-q2-update.win32_2.0.0.202105311346/tools/bin/../lib/gcc/arm-none-eabi/9.3.1/thumb/v7e-m+fp/hard\libgcc.a
LOAD c:/st/stm32cubeide_1.8.0/stm32cubeide/plugins/com.st.stm32cube.ide.mcu.externaltools.gnu-tools-for-stm32.9-2020-q2-update.win32_2.0.0.202105311346/tools/bin/../lib/gcc/arm-none-eabi/9.3.1/../../../../arm-none-eabi/lib/thumb/v7e-m+fp/hard\libc_nano.a
LOAD c:/st/stm32cubeide_1.8.0/stm32cubeide/plugins/com.st.stm32cube.ide.mcu.externaltools.gnu-tools-for-stm32.9-2020-q2-update.win32_2.0.0.202105311346/tools/bin/../lib/gcc/arm-none-eabi/9.3.1/../../../../arm-none-eabi/lib/thumb/v7e-m+fp/hard\libnosys.a
END GROUP
LOAD c:/st/stm32cubeide_1.8.0/stm32cubeide/plugins/com.st.stm32cube.ide.mcu.externaltools.gnu-tools-for-stm32.9-2020-q2-update.win32_2.0.0.202105311346/tools/bin/../lib/gcc/arm-none-eabi/9.3.1/thumb/v7e-m+fp/hard/crtend.o
LOAD c:/st/stm32cubeide_1.8.0/stm32cubeide/plugins/com.st.stm32cube.ide.mcu.externaltools.gnu-tools-for-stm32.9-2020-q2-update.win32_2.0.0.202105311346/tools/bin/../lib/gcc/arm-none-eabi/9.3.1/thumb/v7e-m+fp/hard/crtn.o
                0x0000000020020000                _estack = (ORIGIN (RAM) + LENGTH (RAM))
                0x0000000000000200                _Min_Heap_Size = 0x200
                0x0000000000000400                _Min_Stack_Size = 0x400

.isr_vector     0x0000000008000000      0x188
                0x0000000008000000                . = ALIGN (0x4)
 *(.isr_vector)
 .isr_vector    0x0000000008000000      0x188 ./Core/Startup/startup_stm32f407igtx.o
                0x0000000008000000                g_pfnVectors
                0x0000000008000188                . = ALIGN (0x4)

.text           0x0000000008000190    0x1a470
                0x0000000008000190                . = ALIGN (0x4)
 *(.text)
 .text          0x0000000008000190       0x40 c:/st/stm32cubeide_1.8.0/stm32cubeide/plugins/com.st.stm32cube.ide.mcu.externaltools.gnu-tools-for-stm32.9-2020-q2-update.win32_2.0.0.202105311346/tools/bin/../lib/gcc/arm-none-eabi/9.3.1/thumb/v7e-m+fp/hard/crtbegin.o
 .text          0x00000000080001d0       0x10 c:/st/stm32cubeide_1.8.0/stm32cubeide/plugins/com.st.stm32cube.ide.mcu.externaltools.gnu-tools-for-stm32.9-2020-q2-update.win32_2.0.0.202105311346/tools/bin/../lib/gcc/arm-none-eabi/9.3.1/../../../../arm-none-eabi/lib/thumb/v7e-m+fp/hard\libc_nano.a(lib_a-strlen.o)
                0x00000000080001d0                strlen
 .text          0x00000000080001e0       0xa0 c:/st/stm32cubeide_1.8.0/stm32cubeide/plugins/com.st.stm32cube.ide.mcu.externaltools.gnu-tools-for-stm32.9-2020-q2-update.win32_2.0.0.202105311346/tools/bin/../lib/gcc/arm-none-eabi/9.3.1/../../../../arm-none-eabi/lib/thumb/v7e-m+fp/hard\libc_nano.a(lib_a-memchr.o)
                0x00000000080001e0                memchr
 .text          0x0000000008000280       0x30 c:/st/stm32cubeide_1.8.0/stm32cubeide/plugins/com.st.stm32cube.ide.mcu.externaltools.gnu-tools-for-stm32.9-2020-q2-update.win32_2.0.0.202105311346/tools/bin/../lib/gcc/arm-none-eabi/9.3.1/thumb/v7e-m+fp/hard\libgcc.a(_aeabi_uldivmod.o)
                0x0000000008000280                __aeabi_uldivmod
 .text          0x00000000080002b0      0x2c4 c:/st/stm32cubeide_1.8.0/stm32cubeide/plugins/com.st.stm32cube.ide.mcu.externaltools.gnu-tools-for-stm32.9-2020-q2-update.win32_2.0.0.202105311346/tools/bin/../lib/gcc/arm-none-eabi/9.3.1/thumb/v7e-m+fp/hard\libgcc.a(_udivmoddi4.o)
                0x00000000080002b0                __udivmoddi4
 .text          0x0000000008000574        0x4 c:/st/stm32cubeide_1.8.0/stm32cubeide/plugins/com.st.stm32cube.ide.mcu.externaltools.gnu-tools-for-stm32.9-2020-q2-update.win32_2.0.0.202105311346/tools/bin/../lib/gcc/arm-none-eabi/9.3.1/thumb/v7e-m+fp/hard\libgcc.a(_dvmd_tls.o)
                0x0000000008000574                __aeabi_idiv0
                0x0000000008000574                __aeabi_ldiv0
 *(.text*)
 .text.vApplicationGetIdleTaskMemory
                0x0000000008000578       0x34 ./Core/Src/freertos.o
                0x0000000008000578                vApplicationGetIdleTaskMemory
 .text.vApplicationGetTimerTaskMemory
                0x00000000080005ac       0x34 ./Core/Src/freertos.o
                0x00000000080005ac                vApplicationGetTimerTaskMemory
 .text.__NVIC_SystemReset
                0x00000000080005e0       0x2c ./Core/Src/main.o
 .text.HAL_UART_TxCpltCallback
                0x000000000800060c       0x6c ./Core/Src/main.o
                0x000000000800060c                HAL_UART_TxCpltCallback
 .text.HAL_UART_RxCpltCallback
                0x0000000008000678       0xc4 ./Core/Src/main.o
                0x0000000008000678                HAL_UART_RxCpltCallback
 .text.main     0x000000000800073c      0x460 ./Core/Src/main.o
                0x000000000800073c                main
 .text.SystemClock_Config
                0x0000000008000b9c       0xdc ./Core/Src/main.o
                0x0000000008000b9c                SystemClock_Config
 .text.MX_ADC1_Init
                0x0000000008000c78      0x120 ./Core/Src/main.o
 .text.MX_IWDG_Init
                0x0000000008000d98       0x34 ./Core/Src/main.o
 .text.MX_RTC_Init
                0x0000000008000dcc       0xb4 ./Core/Src/main.o
 .text.MX_SPI2_Init
                0x0000000008000e80       0x6c ./Core/Src/main.o
 .text.MX_USART1_UART_Init
                0x0000000008000eec       0x54 ./Core/Src/main.o
 .text.MX_USART3_UART_Init
                0x0000000008000f40       0x54 ./Core/Src/main.o
 .text.MX_USART6_UART_Init
                0x0000000008000f94       0x54 ./Core/Src/main.o
 .text.MX_DMA_Init
                0x0000000008000fe8       0x8c ./Core/Src/main.o
 .text.MX_GPIO_Init
                0x0000000008001074      0x370 ./Core/Src/main.o
 .text.Callback_AT_Timer
                0x00000000080013e4       0x20 ./Core/Src/main.o
                0x00000000080013e4                Callback_AT_Timer
 .text.Callback_Ring_Center_Timer
                0x0000000008001404       0x20 ./Core/Src/main.o
                0x0000000008001404                Callback_Ring_Center_Timer
 .text.StartDefaultTask
                0x0000000008001424       0x20 ./Core/Src/main.o
                0x0000000008001424                StartDefaultTask
 .text.HAL_TIM_PeriodElapsedCallback
                0x0000000008001444       0x24 ./Core/Src/main.o
                0x0000000008001444                HAL_TIM_PeriodElapsedCallback
 .text.Error_Handler
                0x0000000008001468        0x8 ./Core/Src/main.o
                0x0000000008001468                Error_Handler
 .text.HAL_MspInit
                0x0000000008001470       0x58 ./Core/Src/stm32f4xx_hal_msp.o
                0x0000000008001470                HAL_MspInit
 .text.HAL_ADC_MspInit
                0x00000000080014c8       0x88 ./Core/Src/stm32f4xx_hal_msp.o
                0x00000000080014c8                HAL_ADC_MspInit
 .text.HAL_RTC_MspInit
                0x0000000008001550       0x54 ./Core/Src/stm32f4xx_hal_msp.o
                0x0000000008001550                HAL_RTC_MspInit
 .text.HAL_SPI_MspInit
                0x00000000080015a4       0x90 ./Core/Src/stm32f4xx_hal_msp.o
                0x00000000080015a4                HAL_SPI_MspInit
 .text.HAL_UART_MspInit
                0x0000000008001634      0x320 ./Core/Src/stm32f4xx_hal_msp.o
                0x0000000008001634                HAL_UART_MspInit
 .text.HAL_InitTick
                0x0000000008001954       0xb4 ./Core/Src/stm32f4xx_hal_timebase_tim.o
                0x0000000008001954                HAL_InitTick
 .text.NMI_Handler
                0x0000000008001a08        0x6 ./Core/Src/stm32f4xx_it.o
                0x0000000008001a08                NMI_Handler
 .text.HardFault_Handler
                0x0000000008001a0e        0x6 ./Core/Src/stm32f4xx_it.o
                0x0000000008001a0e                HardFault_Handler
 .text.MemManage_Handler
                0x0000000008001a14        0x6 ./Core/Src/stm32f4xx_it.o
                0x0000000008001a14                MemManage_Handler
 .text.BusFault_Handler
                0x0000000008001a1a        0x6 ./Core/Src/stm32f4xx_it.o
                0x0000000008001a1a                BusFault_Handler
 .text.UsageFault_Handler
                0x0000000008001a20        0x6 ./Core/Src/stm32f4xx_it.o
                0x0000000008001a20                UsageFault_Handler
 .text.DebugMon_Handler
                0x0000000008001a26        0xe ./Core/Src/stm32f4xx_it.o
                0x0000000008001a26                DebugMon_Handler
 .text.DMA1_Stream1_IRQHandler
                0x0000000008001a34       0x14 ./Core/Src/stm32f4xx_it.o
                0x0000000008001a34                DMA1_Stream1_IRQHandler
 .text.DMA1_Stream3_IRQHandler
                0x0000000008001a48       0x14 ./Core/Src/stm32f4xx_it.o
                0x0000000008001a48                DMA1_Stream3_IRQHandler
 .text.TIM1_UP_TIM10_IRQHandler
                0x0000000008001a5c       0x14 ./Core/Src/stm32f4xx_it.o
                0x0000000008001a5c                TIM1_UP_TIM10_IRQHandler
 .text.USART3_IRQHandler
                0x0000000008001a70       0x14 ./Core/Src/stm32f4xx_it.o
                0x0000000008001a70                USART3_IRQHandler
 .text.DMA2_Stream1_IRQHandler
                0x0000000008001a84       0x14 ./Core/Src/stm32f4xx_it.o
                0x0000000008001a84                DMA2_Stream1_IRQHandler
 .text.DMA2_Stream6_IRQHandler
                0x0000000008001a98       0x14 ./Core/Src/stm32f4xx_it.o
                0x0000000008001a98                DMA2_Stream6_IRQHandler
 .text.USART6_IRQHandler
                0x0000000008001aac       0x14 ./Core/Src/stm32f4xx_it.o
                0x0000000008001aac                USART6_IRQHandler
 .text._read    0x0000000008001ac0       0x3a ./Core/Src/syscalls.o
                0x0000000008001ac0                _read
 .text._write   0x0000000008001afa       0x38 ./Core/Src/syscalls.o
                0x0000000008001afa                _write
 .text._close   0x0000000008001b32       0x18 ./Core/Src/syscalls.o
                0x0000000008001b32                _close
 .text._fstat   0x0000000008001b4a       0x20 ./Core/Src/syscalls.o
                0x0000000008001b4a                _fstat
 .text._isatty  0x0000000008001b6a       0x16 ./Core/Src/syscalls.o
                0x0000000008001b6a                _isatty
 .text._lseek   0x0000000008001b80       0x1a ./Core/Src/syscalls.o
                0x0000000008001b80                _lseek
 *fill*         0x0000000008001b9a        0x2 
 .text._sbrk    0x0000000008001b9c       0x6c ./Core/Src/sysmem.o
                0x0000000008001b9c                _sbrk
 .text.SystemInit
                0x0000000008001c08       0x24 ./Core/Src/system_stm32f4xx.o
                0x0000000008001c08                SystemInit
 .text.Reset_Handler
                0x0000000008001c2c       0x50 ./Core/Startup/startup_stm32f407igtx.o
                0x0000000008001c2c                Reset_Handler
 .text.Default_Handler
                0x0000000008001c7c        0x2 ./Core/Startup/startup_stm32f407igtx.o
                0x0000000008001c7c                RTC_Alarm_IRQHandler
                0x0000000008001c7c                HASH_RNG_IRQHandler
                0x0000000008001c7c                EXTI2_IRQHandler
                0x0000000008001c7c                TIM8_CC_IRQHandler
                0x0000000008001c7c                TIM1_CC_IRQHandler
                0x0000000008001c7c                DMA2_Stream5_IRQHandler
                0x0000000008001c7c                DMA1_Stream5_IRQHandler
                0x0000000008001c7c                PVD_IRQHandler
                0x0000000008001c7c                SDIO_IRQHandler
                0x0000000008001c7c                TAMP_STAMP_IRQHandler
                0x0000000008001c7c                CAN2_RX1_IRQHandler
                0x0000000008001c7c                EXTI3_IRQHandler
                0x0000000008001c7c                TIM8_TRG_COM_TIM14_IRQHandler
                0x0000000008001c7c                TIM8_UP_TIM13_IRQHandler
                0x0000000008001c7c                I2C3_ER_IRQHandler
                0x0000000008001c7c                EXTI0_IRQHandler
                0x0000000008001c7c                I2C2_EV_IRQHandler
                0x0000000008001c7c                DMA1_Stream2_IRQHandler
                0x0000000008001c7c                CAN1_RX0_IRQHandler
                0x0000000008001c7c                FPU_IRQHandler
                0x0000000008001c7c                OTG_HS_WKUP_IRQHandler
                0x0000000008001c7c                CAN2_SCE_IRQHandler
                0x0000000008001c7c                DMA2_Stream2_IRQHandler
                0x0000000008001c7c                SPI1_IRQHandler
                0x0000000008001c7c                TIM6_DAC_IRQHandler
                0x0000000008001c7c                TIM1_BRK_TIM9_IRQHandler
                0x0000000008001c7c                DCMI_IRQHandler
                0x0000000008001c7c                CAN2_RX0_IRQHandler
                0x0000000008001c7c                DMA2_Stream3_IRQHandler
                0x0000000008001c7c                CAN1_RX1_IRQHandler
                0x0000000008001c7c                UART5_IRQHandler
                0x0000000008001c7c                DMA2_Stream0_IRQHandler
                0x0000000008001c7c                TIM4_IRQHandler
                0x0000000008001c7c                I2C1_EV_IRQHandler
                0x0000000008001c7c                DMA1_Stream6_IRQHandler
                0x0000000008001c7c                UART4_IRQHandler
                0x0000000008001c7c                TIM3_IRQHandler
                0x0000000008001c7c                RCC_IRQHandler
                0x0000000008001c7c                TIM8_BRK_TIM12_IRQHandler
                0x0000000008001c7c                Default_Handler
                0x0000000008001c7c                EXTI15_10_IRQHandler
                0x0000000008001c7c                ADC_IRQHandler
                0x0000000008001c7c                DMA1_Stream7_IRQHandler
                0x0000000008001c7c                TIM7_IRQHandler
                0x0000000008001c7c                CAN2_TX_IRQHandler
                0x0000000008001c7c                TIM5_IRQHandler
                0x0000000008001c7c                DMA2_Stream7_IRQHandler
                0x0000000008001c7c                I2C3_EV_IRQHandler
                0x0000000008001c7c                EXTI9_5_IRQHandler
                0x0000000008001c7c                RTC_WKUP_IRQHandler
                0x0000000008001c7c                ETH_WKUP_IRQHandler
                0x0000000008001c7c                SPI2_IRQHandler
                0x0000000008001c7c                OTG_HS_EP1_IN_IRQHandler
                0x0000000008001c7c                DMA1_Stream0_IRQHandler
                0x0000000008001c7c                CAN1_TX_IRQHandler
                0x0000000008001c7c                EXTI4_IRQHandler
                0x0000000008001c7c                FSMC_IRQHandler
                0x0000000008001c7c                ETH_IRQHandler
                0x0000000008001c7c                OTG_HS_EP1_OUT_IRQHandler
                0x0000000008001c7c                WWDG_IRQHandler
                0x0000000008001c7c                TIM2_IRQHandler
                0x0000000008001c7c                OTG_FS_WKUP_IRQHandler
                0x0000000008001c7c                TIM1_TRG_COM_TIM11_IRQHandler
                0x0000000008001c7c                OTG_HS_IRQHandler
                0x0000000008001c7c                EXTI1_IRQHandler
                0x0000000008001c7c                USART2_IRQHandler
                0x0000000008001c7c                I2C2_ER_IRQHandler
                0x0000000008001c7c                CAN1_SCE_IRQHandler
                0x0000000008001c7c                FLASH_IRQHandler
                0x0000000008001c7c                DMA2_Stream4_IRQHandler
                0x0000000008001c7c                USART1_IRQHandler
                0x0000000008001c7c                OTG_FS_IRQHandler
                0x0000000008001c7c                SPI3_IRQHandler
                0x0000000008001c7c                DMA1_Stream4_IRQHandler
                0x0000000008001c7c                I2C1_ER_IRQHandler
 *fill*         0x0000000008001c7e        0x2 
 .text.HAL_Init
                0x0000000008001c80       0x44 ./Drivers/STM32F4xx_HAL_Driver/Src/stm32f4xx_hal.o
                0x0000000008001c80                HAL_Init
 .text.HAL_IncTick
                0x0000000008001cc4       0x28 ./Drivers/STM32F4xx_HAL_Driver/Src/stm32f4xx_hal.o
                0x0000000008001cc4                HAL_IncTick
 .text.HAL_GetTick
                0x0000000008001cec       0x18 ./Drivers/STM32F4xx_HAL_Driver/Src/stm32f4xx_hal.o
                0x0000000008001cec                HAL_GetTick
 .text.HAL_Delay
                0x0000000008001d04       0x48 ./Drivers/STM32F4xx_HAL_Driver/Src/stm32f4xx_hal.o
                0x0000000008001d04                HAL_Delay
 .text.HAL_ADC_Init
                0x0000000008001d4c       0x86 ./Drivers/STM32F4xx_HAL_Driver/Src/stm32f4xx_hal_adc.o
                0x0000000008001d4c                HAL_ADC_Init
 *fill*         0x0000000008001dd2        0x2 
 .text.HAL_ADC_ConfigChannel
                0x0000000008001dd4      0x244 ./Drivers/STM32F4xx_HAL_Driver/Src/stm32f4xx_hal_adc.o
                0x0000000008001dd4                HAL_ADC_ConfigChannel
 .text.ADC_Init
                0x0000000008002018      0x1f8 ./Drivers/STM32F4xx_HAL_Driver/Src/stm32f4xx_hal_adc.o
 .text.HAL_ADCEx_InjectedConfigChannel
                0x0000000008002210      0x32c ./Drivers/STM32F4xx_HAL_Driver/Src/stm32f4xx_hal_adc_ex.o
                0x0000000008002210                HAL_ADCEx_InjectedConfigChannel
 .text.__NVIC_SetPriorityGrouping
                0x000000000800253c       0x48 ./Drivers/STM32F4xx_HAL_Driver/Src/stm32f4xx_hal_cortex.o
 .text.__NVIC_GetPriorityGrouping
                0x0000000008002584       0x1c ./Drivers/STM32F4xx_HAL_Driver/Src/stm32f4xx_hal_cortex.o
 .text.__NVIC_EnableIRQ
                0x00000000080025a0       0x3c ./Drivers/STM32F4xx_HAL_Driver/Src/stm32f4xx_hal_cortex.o
 .text.__NVIC_SetPriority
                0x00000000080025dc       0x54 ./Drivers/STM32F4xx_HAL_Driver/Src/stm32f4xx_hal_cortex.o
 .text.NVIC_EncodePriority
                0x0000000008002630       0x66 ./Drivers/STM32F4xx_HAL_Driver/Src/stm32f4xx_hal_cortex.o
 .text.HAL_NVIC_SetPriorityGrouping
                0x0000000008002696       0x16 ./Drivers/STM32F4xx_HAL_Driver/Src/stm32f4xx_hal_cortex.o
                0x0000000008002696                HAL_NVIC_SetPriorityGrouping
 .text.HAL_NVIC_SetPriority
                0x00000000080026ac       0x38 ./Drivers/STM32F4xx_HAL_Driver/Src/stm32f4xx_hal_cortex.o
                0x00000000080026ac                HAL_NVIC_SetPriority
 .text.HAL_NVIC_EnableIRQ
                0x00000000080026e4       0x1c ./Drivers/STM32F4xx_HAL_Driver/Src/stm32f4xx_hal_cortex.o
                0x00000000080026e4                HAL_NVIC_EnableIRQ
 .text.HAL_DMA_Init
                0x0000000008002700      0x15c ./Drivers/STM32F4xx_HAL_Driver/Src/stm32f4xx_hal_dma.o
                0x0000000008002700                HAL_DMA_Init
 .text.HAL_DMA_Start_IT
                0x000000000800285c       0xb0 ./Drivers/STM32F4xx_HAL_Driver/Src/stm32f4xx_hal_dma.o
                0x000000000800285c                HAL_DMA_Start_IT
 .text.HAL_DMA_Abort
                0x000000000800290c       0xe0 ./Drivers/STM32F4xx_HAL_Driver/Src/stm32f4xx_hal_dma.o
                0x000000000800290c                HAL_DMA_Abort
 .text.HAL_DMA_Abort_IT
                0x00000000080029ec       0x44 ./Drivers/STM32F4xx_HAL_Driver/Src/stm32f4xx_hal_dma.o
                0x00000000080029ec                HAL_DMA_Abort_IT
 .text.HAL_DMA_IRQHandler
                0x0000000008002a30      0x314 ./Drivers/STM32F4xx_HAL_Driver/Src/stm32f4xx_hal_dma.o
                0x0000000008002a30                HAL_DMA_IRQHandler
 .text.DMA_SetConfig
                0x0000000008002d44       0x5c ./Drivers/STM32F4xx_HAL_Driver/Src/stm32f4xx_hal_dma.o
 .text.DMA_CalcBaseAndBitshift
                0x0000000008002da0       0x6c ./Drivers/STM32F4xx_HAL_Driver/Src/stm32f4xx_hal_dma.o
 .text.DMA_CheckFifoParam
                0x0000000008002e0c       0xf8 ./Drivers/STM32F4xx_HAL_Driver/Src/stm32f4xx_hal_dma.o
 .text.HAL_GPIO_Init
                0x0000000008002f04      0x338 ./Drivers/STM32F4xx_HAL_Driver/Src/stm32f4xx_hal_gpio.o
                0x0000000008002f04                HAL_GPIO_Init
 .text.HAL_GPIO_ReadPin
                0x000000000800323c       0x30 ./Drivers/STM32F4xx_HAL_Driver/Src/stm32f4xx_hal_gpio.o
                0x000000000800323c                HAL_GPIO_ReadPin
 .text.HAL_GPIO_WritePin
                0x000000000800326c       0x32 ./Drivers/STM32F4xx_HAL_Driver/Src/stm32f4xx_hal_gpio.o
                0x000000000800326c                HAL_GPIO_WritePin
 .text.HAL_GPIO_TogglePin
                0x000000000800329e       0x34 ./Drivers/STM32F4xx_HAL_Driver/Src/stm32f4xx_hal_gpio.o
                0x000000000800329e                HAL_GPIO_TogglePin
 .text.HAL_IWDG_Init
                0x00000000080032d2       0x84 ./Drivers/STM32F4xx_HAL_Driver/Src/stm32f4xx_hal_iwdg.o
                0x00000000080032d2                HAL_IWDG_Init
 .text.HAL_IWDG_Refresh
                0x0000000008003356       0x20 ./Drivers/STM32F4xx_HAL_Driver/Src/stm32f4xx_hal_iwdg.o
                0x0000000008003356                HAL_IWDG_Refresh
 *fill*         0x0000000008003376        0x2 
 .text.HAL_RCC_OscConfig
                0x0000000008003378      0x4f0 ./Drivers/STM32F4xx_HAL_Driver/Src/stm32f4xx_hal_rcc.o
                0x0000000008003378                HAL_RCC_OscConfig
 .text.HAL_RCC_ClockConfig
                0x0000000008003868      0x1cc ./Drivers/STM32F4xx_HAL_Driver/Src/stm32f4xx_hal_rcc.o
                0x0000000008003868                HAL_RCC_ClockConfig
 .text.HAL_RCC_GetSysClockFreq
                0x0000000008003a34      0x16c ./Drivers/STM32F4xx_HAL_Driver/Src/stm32f4xx_hal_rcc.o
                0x0000000008003a34                HAL_RCC_GetSysClockFreq
 .text.HAL_RCC_GetHCLKFreq
                0x0000000008003ba0       0x18 ./Drivers/STM32F4xx_HAL_Driver/Src/stm32f4xx_hal_rcc.o
                0x0000000008003ba0                HAL_RCC_GetHCLKFreq
 .text.HAL_RCC_GetPCLK1Freq
                0x0000000008003bb8       0x28 ./Drivers/STM32F4xx_HAL_Driver/Src/stm32f4xx_hal_rcc.o
                0x0000000008003bb8                HAL_RCC_GetPCLK1Freq
 .text.HAL_RCC_GetPCLK2Freq
                0x0000000008003be0       0x28 ./Drivers/STM32F4xx_HAL_Driver/Src/stm32f4xx_hal_rcc.o
                0x0000000008003be0                HAL_RCC_GetPCLK2Freq
 .text.HAL_RCC_GetClockConfig
                0x0000000008003c08       0x64 ./Drivers/STM32F4xx_HAL_Driver/Src/stm32f4xx_hal_rcc.o
                0x0000000008003c08                HAL_RCC_GetClockConfig
 .text.HAL_RCCEx_PeriphCLKConfig
                0x0000000008003c6c      0x1c4 ./Drivers/STM32F4xx_HAL_Driver/Src/stm32f4xx_hal_rcc_ex.o
                0x0000000008003c6c                HAL_RCCEx_PeriphCLKConfig
 .text.HAL_RTC_Init
                0x0000000008003e30       0xec ./Drivers/STM32F4xx_HAL_Driver/Src/stm32f4xx_hal_rtc.o
                0x0000000008003e30                HAL_RTC_Init
 .text.HAL_RTC_SetTime
                0x0000000008003f1c      0x134 ./Drivers/STM32F4xx_HAL_Driver/Src/stm32f4xx_hal_rtc.o
                0x0000000008003f1c                HAL_RTC_SetTime
 .text.HAL_RTC_GetTime
                0x0000000008004050       0xbc ./Drivers/STM32F4xx_HAL_Driver/Src/stm32f4xx_hal_rtc.o
                0x0000000008004050                HAL_RTC_GetTime
 .text.HAL_RTC_SetDate
                0x000000000800410c      0x108 ./Drivers/STM32F4xx_HAL_Driver/Src/stm32f4xx_hal_rtc.o
                0x000000000800410c                HAL_RTC_SetDate
 .text.HAL_RTC_GetDate
                0x0000000008004214       0x9e ./Drivers/STM32F4xx_HAL_Driver/Src/stm32f4xx_hal_rtc.o
                0x0000000008004214                HAL_RTC_GetDate
 .text.HAL_RTC_WaitForSynchro
                0x00000000080042b2       0x50 ./Drivers/STM32F4xx_HAL_Driver/Src/stm32f4xx_hal_rtc.o
                0x00000000080042b2                HAL_RTC_WaitForSynchro
 .text.RTC_EnterInitMode
                0x0000000008004302       0x6e ./Drivers/STM32F4xx_HAL_Driver/Src/stm32f4xx_hal_rtc.o
                0x0000000008004302                RTC_EnterInitMode
 .text.RTC_ExitInitMode
                0x0000000008004370       0x4a ./Drivers/STM32F4xx_HAL_Driver/Src/stm32f4xx_hal_rtc.o
                0x0000000008004370                RTC_ExitInitMode
 .text.RTC_ByteToBcd2
                0x00000000080043ba       0x3a ./Drivers/STM32F4xx_HAL_Driver/Src/stm32f4xx_hal_rtc.o
                0x00000000080043ba                RTC_ByteToBcd2
 .text.RTC_Bcd2ToByte
                0x00000000080043f4       0x38 ./Drivers/STM32F4xx_HAL_Driver/Src/stm32f4xx_hal_rtc.o
                0x00000000080043f4                RTC_Bcd2ToByte
 .text.HAL_SPI_Init
                0x000000000800442c      0x112 ./Drivers/STM32F4xx_HAL_Driver/Src/stm32f4xx_hal_spi.o
                0x000000000800442c                HAL_SPI_Init
 .text.HAL_SPI_Transmit
                0x000000000800453e      0x278 ./Drivers/STM32F4xx_HAL_Driver/Src/stm32f4xx_hal_spi.o
                0x000000000800453e                HAL_SPI_Transmit
 .text.HAL_SPI_Receive
                0x00000000080047b6      0x222 ./Drivers/STM32F4xx_HAL_Driver/Src/stm32f4xx_hal_spi.o
                0x00000000080047b6                HAL_SPI_Receive
 .text.HAL_SPI_TransmitReceive
                0x00000000080049d8      0x344 ./Drivers/STM32F4xx_HAL_Driver/Src/stm32f4xx_hal_spi.o
                0x00000000080049d8                HAL_SPI_TransmitReceive
 .text.SPI_WaitFlagStateUntilTimeout
                0x0000000008004d1c      0x110 ./Drivers/STM32F4xx_HAL_Driver/Src/stm32f4xx_hal_spi.o
 .text.SPI_EndRxTransaction
                0x0000000008004e2c       0xca ./Drivers/STM32F4xx_HAL_Driver/Src/stm32f4xx_hal_spi.o
 *fill*         0x0000000008004ef6        0x2 
 .text.SPI_EndRxTxTransaction
                0x0000000008004ef8       0x84 ./Drivers/STM32F4xx_HAL_Driver/Src/stm32f4xx_hal_spi.o
 .text.HAL_TIM_Base_Init
                0x0000000008004f7c       0x9e ./Drivers/STM32F4xx_HAL_Driver/Src/stm32f4xx_hal_tim.o
                0x0000000008004f7c                HAL_TIM_Base_Init
 .text.HAL_TIM_Base_MspInit
                0x000000000800501a       0x14 ./Drivers/STM32F4xx_HAL_Driver/Src/stm32f4xx_hal_tim.o
                0x000000000800501a                HAL_TIM_Base_MspInit
 *fill*         0x000000000800502e        0x2 
 .text.HAL_TIM_Base_Start_IT
                0x0000000008005030       0xe0 ./Drivers/STM32F4xx_HAL_Driver/Src/stm32f4xx_hal_tim.o
                0x0000000008005030                HAL_TIM_Base_Start_IT
 .text.HAL_TIM_IRQHandler
                0x0000000008005110      0x210 ./Drivers/STM32F4xx_HAL_Driver/Src/stm32f4xx_hal_tim.o
                0x0000000008005110                HAL_TIM_IRQHandler
 .text.HAL_TIM_OC_DelayElapsedCallback
                0x0000000008005320       0x14 ./Drivers/STM32F4xx_HAL_Driver/Src/stm32f4xx_hal_tim.o
                0x0000000008005320                HAL_TIM_OC_DelayElapsedCallback
 .text.HAL_TIM_IC_CaptureCallback
                0x0000000008005334       0x14 ./Drivers/STM32F4xx_HAL_Driver/Src/stm32f4xx_hal_tim.o
                0x0000000008005334                HAL_TIM_IC_CaptureCallback
 .text.HAL_TIM_PWM_PulseFinishedCallback
                0x0000000008005348       0x14 ./Drivers/STM32F4xx_HAL_Driver/Src/stm32f4xx_hal_tim.o
                0x0000000008005348                HAL_TIM_PWM_PulseFinishedCallback
 .text.HAL_TIM_TriggerCallback
                0x000000000800535c       0x14 ./Drivers/STM32F4xx_HAL_Driver/Src/stm32f4xx_hal_tim.o
                0x000000000800535c                HAL_TIM_TriggerCallback
 .text.TIM_Base_SetConfig
                0x0000000008005370      0x140 ./Drivers/STM32F4xx_HAL_Driver/Src/stm32f4xx_hal_tim.o
                0x0000000008005370                TIM_Base_SetConfig
 .text.HAL_TIMEx_CommutCallback
                0x00000000080054b0       0x14 ./Drivers/STM32F4xx_HAL_Driver/Src/stm32f4xx_hal_tim_ex.o
                0x00000000080054b0                HAL_TIMEx_CommutCallback
 .text.HAL_TIMEx_BreakCallback
                0x00000000080054c4       0x14 ./Drivers/STM32F4xx_HAL_Driver/Src/stm32f4xx_hal_tim_ex.o
                0x00000000080054c4                HAL_TIMEx_BreakCallback
 .text.HAL_UART_Init
                0x00000000080054d8       0x9a ./Drivers/STM32F4xx_HAL_Driver/Src/stm32f4xx_hal_uart.o
                0x00000000080054d8                HAL_UART_Init
 .text.HAL_UART_Transmit
                0x0000000008005572      0x124 ./Drivers/STM32F4xx_HAL_Driver/Src/stm32f4xx_hal_uart.o
                0x0000000008005572                HAL_UART_Transmit
 .text.HAL_UART_Receive
                0x0000000008005696      0x144 ./Drivers/STM32F4xx_HAL_Driver/Src/stm32f4xx_hal_uart.o
                0x0000000008005696                HAL_UART_Receive
 *fill*         0x00000000080057da        0x2 
 .text.HAL_UART_Transmit_DMA
                0x00000000080057dc       0xfc ./Drivers/STM32F4xx_HAL_Driver/Src/stm32f4xx_hal_uart.o
                0x00000000080057dc                HAL_UART_Transmit_DMA
 .text.HAL_UART_Receive_DMA
                0x00000000080058d8       0x60 ./Drivers/STM32F4xx_HAL_Driver/Src/stm32f4xx_hal_uart.o
                0x00000000080058d8                HAL_UART_Receive_DMA
 .text.HAL_UART_IRQHandler
                0x0000000008005938      0x51c ./Drivers/STM32F4xx_HAL_Driver/Src/stm32f4xx_hal_uart.o
                0x0000000008005938                HAL_UART_IRQHandler
 .text.HAL_UART_TxHalfCpltCallback
                0x0000000008005e54       0x14 ./Drivers/STM32F4xx_HAL_Driver/Src/stm32f4xx_hal_uart.o
                0x0000000008005e54                HAL_UART_TxHalfCpltCallback
 .text.HAL_UART_RxHalfCpltCallback
                0x0000000008005e68       0x14 ./Drivers/STM32F4xx_HAL_Driver/Src/stm32f4xx_hal_uart.o
                0x0000000008005e68                HAL_UART_RxHalfCpltCallback
 .text.HAL_UART_ErrorCallback
                0x0000000008005e7c       0x14 ./Drivers/STM32F4xx_HAL_Driver/Src/stm32f4xx_hal_uart.o
                0x0000000008005e7c                HAL_UART_ErrorCallback
 .text.HAL_UARTEx_RxEventCallback
                0x0000000008005e90       0x18 ./Drivers/STM32F4xx_HAL_Driver/Src/stm32f4xx_hal_uart.o
                0x0000000008005e90                HAL_UARTEx_RxEventCallback
 .text.UART_DMATransmitCplt
                0x0000000008005ea8       0x9a ./Drivers/STM32F4xx_HAL_Driver/Src/stm32f4xx_hal_uart.o
 .text.UART_DMATxHalfCplt
                0x0000000008005f42       0x1c ./Drivers/STM32F4xx_HAL_Driver/Src/stm32f4xx_hal_uart.o
 .text.UART_DMAReceiveCplt
                0x0000000008005f5e      0x126 ./Drivers/STM32F4xx_HAL_Driver/Src/stm32f4xx_hal_uart.o
 .text.UART_DMARxHalfCplt
                0x0000000008006084       0x36 ./Drivers/STM32F4xx_HAL_Driver/Src/stm32f4xx_hal_uart.o
 .text.UART_DMAError
                0x00000000080060ba       0x94 ./Drivers/STM32F4xx_HAL_Driver/Src/stm32f4xx_hal_uart.o
 .text.UART_WaitOnFlagUntilTimeout
                0x000000000800614e       0xdc ./Drivers/STM32F4xx_HAL_Driver/Src/stm32f4xx_hal_uart.o
 *fill*         0x000000000800622a        0x2 
 .text.UART_Start_Receive_DMA
                0x000000000800622c      0x13c ./Drivers/STM32F4xx_HAL_Driver/Src/stm32f4xx_hal_uart.o
                0x000000000800622c                UART_Start_Receive_DMA
 .text.UART_EndTxTransfer
                0x0000000008006368       0x50 ./Drivers/STM32F4xx_HAL_Driver/Src/stm32f4xx_hal_uart.o
 .text.UART_EndRxTransfer
                0x00000000080063b8       0xc6 ./Drivers/STM32F4xx_HAL_Driver/Src/stm32f4xx_hal_uart.o
 .text.UART_DMAAbortOnError
                0x000000000800647e       0x28 ./Drivers/STM32F4xx_HAL_Driver/Src/stm32f4xx_hal_uart.o
 .text.UART_Transmit_IT
                0x00000000080064a6       0xa0 ./Drivers/STM32F4xx_HAL_Driver/Src/stm32f4xx_hal_uart.o
 .text.UART_EndTransmit_IT
                0x0000000008006546       0x30 ./Drivers/STM32F4xx_HAL_Driver/Src/stm32f4xx_hal_uart.o
 .text.UART_Receive_IT
                0x0000000008006576      0x176 ./Drivers/STM32F4xx_HAL_Driver/Src/stm32f4xx_hal_uart.o
 .text.UART_SetConfig
                0x00000000080066ec      0x390 ./Drivers/STM32F4xx_HAL_Driver/Src/stm32f4xx_hal_uart.o
 .text.makeFreeRtosPriority
                0x0000000008006a7c       0x30 ./Middlewares/Third_Party/FreeRTOS/Source/CMSIS_RTOS/cmsis_os.o
 .text.inHandlerMode
                0x0000000008006aac       0x24 ./Middlewares/Third_Party/FreeRTOS/Source/CMSIS_RTOS/cmsis_os.o
 .text.osKernelStart
                0x0000000008006ad0        0xe ./Middlewares/Third_Party/FreeRTOS/Source/CMSIS_RTOS/cmsis_os.o
                0x0000000008006ad0                osKernelStart
 .text.osThreadCreate
                0x0000000008006ade       0x98 ./Middlewares/Third_Party/FreeRTOS/Source/CMSIS_RTOS/cmsis_os.o
                0x0000000008006ade                osThreadCreate
 .text.osDelay  0x0000000008006b76       0x28 ./Middlewares/Third_Party/FreeRTOS/Source/CMSIS_RTOS/cmsis_os.o
                0x0000000008006b76                osDelay
 *fill*         0x0000000008006b9e        0x2 
 .text.osTimerCreate
                0x0000000008006ba0       0x68 ./Middlewares/Third_Party/FreeRTOS/Source/CMSIS_RTOS/cmsis_os.o
                0x0000000008006ba0                osTimerCreate
 .text.osTimerStart
                0x0000000008006c08       0x88 ./Middlewares/Third_Party/FreeRTOS/Source/CMSIS_RTOS/cmsis_os.o
                0x0000000008006c08                osTimerStart
 .text.osTimerStop
                0x0000000008006c90       0x78 ./Middlewares/Third_Party/FreeRTOS/Source/CMSIS_RTOS/cmsis_os.o
                0x0000000008006c90                osTimerStop
 .text.osMutexCreate
                0x0000000008006d08       0x30 ./Middlewares/Third_Party/FreeRTOS/Source/CMSIS_RTOS/cmsis_os.o
                0x0000000008006d08                osMutexCreate
 .text.osMutexWait
                0x0000000008006d38       0x9c ./Middlewares/Third_Party/FreeRTOS/Source/CMSIS_RTOS/cmsis_os.o
                0x0000000008006d38                osMutexWait
 .text.osMutexRelease
                0x0000000008006dd4       0x6c ./Middlewares/Third_Party/FreeRTOS/Source/CMSIS_RTOS/cmsis_os.o
                0x0000000008006dd4                osMutexRelease
 .text.osSemaphoreCreate
                0x0000000008006e40       0x7e ./Middlewares/Third_Party/FreeRTOS/Source/CMSIS_RTOS/cmsis_os.o
                0x0000000008006e40                osSemaphoreCreate
 *fill*         0x0000000008006ebe        0x2 
 .text.osSemaphoreWait
                0x0000000008006ec0       0x9c ./Middlewares/Third_Party/FreeRTOS/Source/CMSIS_RTOS/cmsis_os.o
                0x0000000008006ec0                osSemaphoreWait
 .text.osSemaphoreRelease
                0x0000000008006f5c       0x6c ./Middlewares/Third_Party/FreeRTOS/Source/CMSIS_RTOS/cmsis_os.o
                0x0000000008006f5c                osSemaphoreRelease
 .text.osMessageCreate
                0x0000000008006fc8       0x50 ./Middlewares/Third_Party/FreeRTOS/Source/CMSIS_RTOS/cmsis_os.o
                0x0000000008006fc8                osMessageCreate
 .text.osMessagePut
                0x0000000008007018       0x80 ./Middlewares/Third_Party/FreeRTOS/Source/CMSIS_RTOS/cmsis_os.o
                0x0000000008007018                osMessagePut
 .text.osMessageGet
                0x0000000008007098       0xe8 ./Middlewares/Third_Party/FreeRTOS/Source/CMSIS_RTOS/cmsis_os.o
                0x0000000008007098                osMessageGet
 .text.osThreadSuspend
                0x0000000008007180       0x18 ./Middlewares/Third_Party/FreeRTOS/Source/CMSIS_RTOS/cmsis_os.o
                0x0000000008007180                osThreadSuspend
 .text.osThreadResume
                0x0000000008007198       0x44 ./Middlewares/Third_Party/FreeRTOS/Source/CMSIS_RTOS/cmsis_os.o
                0x0000000008007198                osThreadResume
 .text.vListInitialise
                0x00000000080071dc       0x40 ./Middlewares/Third_Party/FreeRTOS/Source/list.o
                0x00000000080071dc                vListInitialise
 .text.vListInitialiseItem
                0x000000000800721c       0x1a ./Middlewares/Third_Party/FreeRTOS/Source/list.o
                0x000000000800721c                vListInitialiseItem
 .text.vListInsertEnd
                0x0000000008007236       0x48 ./Middlewares/Third_Party/FreeRTOS/Source/list.o
                0x0000000008007236                vListInsertEnd
 .text.vListInsert
                0x000000000800727e       0x72 ./Middlewares/Third_Party/FreeRTOS/Source/list.o
                0x000000000800727e                vListInsert
 .text.uxListRemove
                0x00000000080072f0       0x54 ./Middlewares/Third_Party/FreeRTOS/Source/list.o
                0x00000000080072f0                uxListRemove
 .text.xQueueGenericReset
                0x0000000008007344       0xd0 ./Middlewares/Third_Party/FreeRTOS/Source/queue.o
                0x0000000008007344                xQueueGenericReset
 .text.xQueueGenericCreateStatic
                0x0000000008007414       0xf0 ./Middlewares/Third_Party/FreeRTOS/Source/queue.o
                0x0000000008007414                xQueueGenericCreateStatic
 .text.xQueueGenericCreate
                0x0000000008007504       0x74 ./Middlewares/Third_Party/FreeRTOS/Source/queue.o
                0x0000000008007504                xQueueGenericCreate
 .text.prvInitialiseNewQueue
                0x0000000008007578       0x3e ./Middlewares/Third_Party/FreeRTOS/Source/queue.o
 .text.prvInitialiseMutex
                0x00000000080075b6       0x34 ./Middlewares/Third_Party/FreeRTOS/Source/queue.o
 .text.xQueueCreateMutex
                0x00000000080075ea       0x30 ./Middlewares/Third_Party/FreeRTOS/Source/queue.o
                0x00000000080075ea                xQueueCreateMutex
 .text.xQueueCreateMutexStatic
                0x000000000800761a       0x36 ./Middlewares/Third_Party/FreeRTOS/Source/queue.o
                0x000000000800761a                xQueueCreateMutexStatic
 .text.xQueueCreateCountingSemaphoreStatic
                0x0000000008007650       0x6e ./Middlewares/Third_Party/FreeRTOS/Source/queue.o
                0x0000000008007650                xQueueCreateCountingSemaphoreStatic
 .text.xQueueCreateCountingSemaphore
                0x00000000080076be       0x66 ./Middlewares/Third_Party/FreeRTOS/Source/queue.o
                0x00000000080076be                xQueueCreateCountingSemaphore
 .text.xQueueGenericSend
                0x0000000008007724      0x1fc ./Middlewares/Third_Party/FreeRTOS/Source/queue.o
                0x0000000008007724                xQueueGenericSend
 .text.xQueueGenericSendFromISR
                0x0000000008007920      0x136 ./Middlewares/Third_Party/FreeRTOS/Source/queue.o
                0x0000000008007920                xQueueGenericSendFromISR
 .text.xQueueGiveFromISR
                0x0000000008007a56      0x11a ./Middlewares/Third_Party/FreeRTOS/Source/queue.o
                0x0000000008007a56                xQueueGiveFromISR
 .text.xQueueReceive
                0x0000000008007b70      0x1c0 ./Middlewares/Third_Party/FreeRTOS/Source/queue.o
                0x0000000008007b70                xQueueReceive
 .text.xQueueSemaphoreTake
                0x0000000008007d30      0x218 ./Middlewares/Third_Party/FreeRTOS/Source/queue.o
                0x0000000008007d30                xQueueSemaphoreTake
 .text.xQueueReceiveFromISR
                0x0000000008007f48      0x100 ./Middlewares/Third_Party/FreeRTOS/Source/queue.o
                0x0000000008007f48                xQueueReceiveFromISR
 .text.prvGetDisinheritPriorityAfterTimeout
                0x0000000008008048       0x30 ./Middlewares/Third_Party/FreeRTOS/Source/queue.o
 .text.prvCopyDataToQueue
                0x0000000008008078       0xd4 ./Middlewares/Third_Party/FreeRTOS/Source/queue.o
 .text.prvCopyDataFromQueue
                0x000000000800814c       0x4c ./Middlewares/Third_Party/FreeRTOS/Source/queue.o
 .text.prvUnlockQueue
                0x0000000008008198       0xa4 ./Middlewares/Third_Party/FreeRTOS/Source/queue.o
 .text.prvIsQueueEmpty
                0x000000000800823c       0x2c ./Middlewares/Third_Party/FreeRTOS/Source/queue.o
 .text.prvIsQueueFull
                0x0000000008008268       0x30 ./Middlewares/Third_Party/FreeRTOS/Source/queue.o
 .text.vQueueAddToRegistry
                0x0000000008008298       0x54 ./Middlewares/Third_Party/FreeRTOS/Source/queue.o
                0x0000000008008298                vQueueAddToRegistry
 .text.vQueueWaitForMessageRestricted
                0x00000000080082ec       0x68 ./Middlewares/Third_Party/FreeRTOS/Source/queue.o
                0x00000000080082ec                vQueueWaitForMessageRestricted
 .text.xTaskCreateStatic
                0x0000000008008354       0xba ./Middlewares/Third_Party/FreeRTOS/Source/tasks.o
                0x0000000008008354                xTaskCreateStatic
 .text.xTaskCreate
                0x000000000800840e       0x8a ./Middlewares/Third_Party/FreeRTOS/Source/tasks.o
                0x000000000800840e                xTaskCreate
 .text.prvInitialiseNewTask
                0x0000000008008498      0x13c ./Middlewares/Third_Party/FreeRTOS/Source/tasks.o
 .text.prvAddNewTaskToReadyList
                0x00000000080085d4       0xd4 ./Middlewares/Third_Party/FreeRTOS/Source/tasks.o
 .text.vTaskDelay
                0x00000000080086a8       0x68 ./Middlewares/Third_Party/FreeRTOS/Source/tasks.o
                0x00000000080086a8                vTaskDelay
 .text.vTaskSuspend
                0x0000000008008710      0x124 ./Middlewares/Third_Party/FreeRTOS/Source/tasks.o
                0x0000000008008710                vTaskSuspend
 .text.prvTaskIsTaskSuspended
                0x0000000008008834       0x64 ./Middlewares/Third_Party/FreeRTOS/Source/tasks.o
 .text.vTaskResume
                0x0000000008008898       0xbc ./Middlewares/Third_Party/FreeRTOS/Source/tasks.o
                0x0000000008008898                vTaskResume
 .text.xTaskResumeFromISR
                0x0000000008008954       0xe4 ./Middlewares/Third_Party/FreeRTOS/Source/tasks.o
                0x0000000008008954                xTaskResumeFromISR
 .text.vTaskStartScheduler
                0x0000000008008a38       0xe0 ./Middlewares/Third_Party/FreeRTOS/Source/tasks.o
                0x0000000008008a38                vTaskStartScheduler
 .text.vTaskSuspendAll
                0x0000000008008b18       0x1c ./Middlewares/Third_Party/FreeRTOS/Source/tasks.o
                0x0000000008008b18                vTaskSuspendAll
 .text.xTaskResumeAll
                0x0000000008008b34      0x138 ./Middlewares/Third_Party/FreeRTOS/Source/tasks.o
                0x0000000008008b34                xTaskResumeAll
 .text.xTaskGetTickCount
                0x0000000008008c6c       0x20 ./Middlewares/Third_Party/FreeRTOS/Source/tasks.o
                0x0000000008008c6c                xTaskGetTickCount
 .text.xTaskIncrementTick
                0x0000000008008c8c      0x170 ./Middlewares/Third_Party/FreeRTOS/Source/tasks.o
                0x0000000008008c8c                xTaskIncrementTick
 .text.vTaskSwitchContext
                0x0000000008008dfc       0xc4 ./Middlewares/Third_Party/FreeRTOS/Source/tasks.o
                0x0000000008008dfc                vTaskSwitchContext
 .text.vTaskPlaceOnEventList
                0x0000000008008ec0       0x48 ./Middlewares/Third_Party/FreeRTOS/Source/tasks.o
                0x0000000008008ec0                vTaskPlaceOnEventList
 .text.vTaskPlaceOnEventListRestricted
                0x0000000008008f08       0x58 ./Middlewares/Third_Party/FreeRTOS/Source/tasks.o
                0x0000000008008f08                vTaskPlaceOnEventListRestricted
 .text.xTaskRemoveFromEventList
                0x0000000008008f60       0xc4 ./Middlewares/Third_Party/FreeRTOS/Source/tasks.o
                0x0000000008008f60                xTaskRemoveFromEventList
 .text.vTaskInternalSetTimeOutState
                0x0000000008009024       0x2c ./Middlewares/Third_Party/FreeRTOS/Source/tasks.o
                0x0000000008009024                vTaskInternalSetTimeOutState
 .text.xTaskCheckForTimeOut
                0x0000000008009050       0xc4 ./Middlewares/Third_Party/FreeRTOS/Source/tasks.o
                0x0000000008009050                xTaskCheckForTimeOut
 .text.vTaskMissedYield
                0x0000000008009114       0x18 ./Middlewares/Third_Party/FreeRTOS/Source/tasks.o
                0x0000000008009114                vTaskMissedYield
 .text.prvIdleTask
                0x000000000800912c       0x30 ./Middlewares/Third_Party/FreeRTOS/Source/tasks.o
 .text.prvInitialiseTaskLists
                0x000000000800915c       0x80 ./Middlewares/Third_Party/FreeRTOS/Source/tasks.o
 .text.prvCheckTasksWaitingTermination
                0x00000000080091dc       0x5c ./Middlewares/Third_Party/FreeRTOS/Source/tasks.o
 .text.prvDeleteTCB
                0x0000000008009238       0x68 ./Middlewares/Third_Party/FreeRTOS/Source/tasks.o
 .text.prvResetNextTaskUnblockTime
                0x00000000080092a0       0x40 ./Middlewares/Third_Party/FreeRTOS/Source/tasks.o
 .text.xTaskGetSchedulerState
                0x00000000080092e0       0x3c ./Middlewares/Third_Party/FreeRTOS/Source/tasks.o
                0x00000000080092e0                xTaskGetSchedulerState
 .text.xTaskPriorityInherit
                0x000000000800931c       0xec ./Middlewares/Third_Party/FreeRTOS/Source/tasks.o
                0x000000000800931c                xTaskPriorityInherit
 .text.xTaskPriorityDisinherit
                0x0000000008009408      0x10c ./Middlewares/Third_Party/FreeRTOS/Source/tasks.o
                0x0000000008009408                xTaskPriorityDisinherit
 .text.vTaskPriorityDisinheritAfterTimeout
                0x0000000008009514      0x11c ./Middlewares/Third_Party/FreeRTOS/Source/tasks.o
                0x0000000008009514                vTaskPriorityDisinheritAfterTimeout
 .text.pvTaskIncrementMutexHeldCount
                0x0000000008009630       0x28 ./Middlewares/Third_Party/FreeRTOS/Source/tasks.o
                0x0000000008009630                pvTaskIncrementMutexHeldCount
 .text.prvAddCurrentTaskToDelayedList
                0x0000000008009658       0xcc ./Middlewares/Third_Party/FreeRTOS/Source/tasks.o
 .text.xTimerCreateTimerTask
                0x0000000008009724       0x90 ./Middlewares/Third_Party/FreeRTOS/Source/timers.o
                0x0000000008009724                xTimerCreateTimerTask
 .text.xTimerCreate
                0x00000000080097b4       0x42 ./Middlewares/Third_Party/FreeRTOS/Source/timers.o
                0x00000000080097b4                xTimerCreate
 .text.xTimerCreateStatic
                0x00000000080097f6       0x7c ./Middlewares/Third_Party/FreeRTOS/Source/timers.o
                0x00000000080097f6                xTimerCreateStatic
 .text.prvInitialiseNewTimer
                0x0000000008009872       0x76 ./Middlewares/Third_Party/FreeRTOS/Source/timers.o
 .text.xTimerGenericCommand
                0x00000000080098e8       0x9c ./Middlewares/Third_Party/FreeRTOS/Source/timers.o
                0x00000000080098e8                xTimerGenericCommand
 .text.prvProcessExpiredTimer
                0x0000000008009984       0x98 ./Middlewares/Third_Party/FreeRTOS/Source/timers.o
 .text.prvTimerTask
                0x0000000008009a1c       0x24 ./Middlewares/Third_Party/FreeRTOS/Source/timers.o
 .text.prvProcessTimerOrBlockTask
                0x0000000008009a40       0x9c ./Middlewares/Third_Party/FreeRTOS/Source/timers.o
 .text.prvGetNextExpireTime
                0x0000000008009adc       0x48 ./Middlewares/Third_Party/FreeRTOS/Source/timers.o
 .text.prvSampleTimeNow
                0x0000000008009b24       0x40 ./Middlewares/Third_Party/FreeRTOS/Source/timers.o
 .text.prvInsertTimerInActiveList
                0x0000000008009b64       0x84 ./Middlewares/Third_Party/FreeRTOS/Source/timers.o
 .text.prvProcessReceivedCommands
                0x0000000008009be8      0x18c ./Middlewares/Third_Party/FreeRTOS/Source/timers.o
 .text.prvSwitchTimerLists
                0x0000000008009d74       0xc8 ./Middlewares/Third_Party/FreeRTOS/Source/timers.o
 .text.prvCheckForValidListAndQueue
                0x0000000008009e3c       0x80 ./Middlewares/Third_Party/FreeRTOS/Source/timers.o
 .text.pxPortInitialiseStack
                0x0000000008009ebc       0x68 ./Middlewares/Third_Party/FreeRTOS/Source/portable/GCC/ARM_CM4F/port.o
                0x0000000008009ebc                pxPortInitialiseStack
 .text.prvTaskExitError
                0x0000000008009f24       0x58 ./Middlewares/Third_Party/FreeRTOS/Source/portable/GCC/ARM_CM4F/port.o
 *fill*         0x0000000008009f7c        0x4 
 .text.SVC_Handler
                0x0000000008009f80       0x28 ./Middlewares/Third_Party/FreeRTOS/Source/portable/GCC/ARM_CM4F/port.o
                0x0000000008009f80                SVC_Handler
 .text.prvPortStartFirstTask
                0x0000000008009fa8       0x28 ./Middlewares/Third_Party/FreeRTOS/Source/portable/GCC/ARM_CM4F/port.o
 .text.xPortStartScheduler
                0x0000000008009fd0      0x144 ./Middlewares/Third_Party/FreeRTOS/Source/portable/GCC/ARM_CM4F/port.o
                0x0000000008009fd0                xPortStartScheduler
 .text.vPortEnterCritical
                0x000000000800a114       0x60 ./Middlewares/Third_Party/FreeRTOS/Source/portable/GCC/ARM_CM4F/port.o
                0x000000000800a114                vPortEnterCritical
 .text.vPortExitCritical
                0x000000000800a174       0x54 ./Middlewares/Third_Party/FreeRTOS/Source/portable/GCC/ARM_CM4F/port.o
                0x000000000800a174                vPortExitCritical
 *fill*         0x000000000800a1c8        0x8 
 .text.PendSV_Handler
                0x000000000800a1d0       0x68 ./Middlewares/Third_Party/FreeRTOS/Source/portable/GCC/ARM_CM4F/port.o
                0x000000000800a1d0                PendSV_Handler
 .text.SysTick_Handler
                0x000000000800a238       0x44 ./Middlewares/Third_Party/FreeRTOS/Source/portable/GCC/ARM_CM4F/port.o
                0x000000000800a238                SysTick_Handler
 .text.vPortSetupTimerInterrupt
                0x000000000800a27c       0x48 ./Middlewares/Third_Party/FreeRTOS/Source/portable/GCC/ARM_CM4F/port.o
                0x000000000800a27c                vPortSetupTimerInterrupt
 .text.vPortEnableVFP
                0x000000000800a2c4       0x14 ./Middlewares/Third_Party/FreeRTOS/Source/portable/GCC/ARM_CM4F/port.o
 .text.vPortValidateInterruptPriority
                0x000000000800a2d8       0x80 ./Middlewares/Third_Party/FreeRTOS/Source/portable/GCC/ARM_CM4F/port.o
                0x000000000800a2d8                vPortValidateInterruptPriority
 .text.pvPortMalloc
                0x000000000800a358      0x198 ./Middlewares/Third_Party/FreeRTOS/Source/portable/MemMang/heap_4.o
                0x000000000800a358                pvPortMalloc
 .text.vPortFree
                0x000000000800a4f0       0xc4 ./Middlewares/Third_Party/FreeRTOS/Source/portable/MemMang/heap_4.o
                0x000000000800a4f0                vPortFree
 .text.prvHeapInit
                0x000000000800a5b4       0xc4 ./Middlewares/Third_Party/FreeRTOS/Source/portable/MemMang/heap_4.o
 .text.prvInsertBlockIntoFreeList
                0x000000000800a678       0xb4 ./Middlewares/Third_Party/FreeRTOS/Source/portable/MemMang/heap_4.o
 .text.ThreadArmingTask
                0x000000000800a72c      0x598 ./User/ArmingTask.o
                0x000000000800a72c                ThreadArmingTask
 .text.ThreadCallRingCenterTask
                0x000000000800acc4       0x50 ./User/CallRingCenteerTask.o
                0x000000000800acc4                ThreadCallRingCenterTask
 .text.ThreadDisplayTask
                0x000000000800ad14      0x100 ./User/DisplayTask.o
                0x000000000800ad14                ThreadDisplayTask
 .text.ThreadEventWriteTask
                0x000000000800ae14      0x468 ./User/EventWriteTask.o
                0x000000000800ae14                ThreadEventWriteTask
 .text.ThreadIbuttonTask
                0x000000000800b27c      0x37c ./User/IbuttonTask.o
                0x000000000800b27c                ThreadIbuttonTask
 .text.ThreadLedTask
                0x000000000800b5f8      0x10c ./User/LedTask .o
                0x000000000800b5f8                ThreadLedTask
 .text.ThreadM95Task
                0x000000000800b704      0x474 ./User/M95Task.o
                0x000000000800b704                ThreadM95Task
 .text.__NVIC_SystemReset
                0x000000000800bb78       0x2c ./User/MainTask.o
 .text.ThreadMainTask
                0x000000000800bba4      0x8d0 ./User/MainTask.o
                0x000000000800bba4                ThreadMainTask
 .text.ThreadMeterTask
                0x000000000800c474      0x17c ./User/MeterTask.o
                0x000000000800c474                ThreadMeterTask
 .text.ThreadModbusPacketTask
                0x000000000800c5f0      0x4bc ./User/ModbusPacketTask.o
                0x000000000800c5f0                ThreadModbusPacketTask
 .text.ThreadModbusTask
                0x000000000800caac      0x4a0 ./User/ModbusTask.o
                0x000000000800caac                ThreadModbusTask
 .text.ThreadReadRegistersTask
                0x000000000800cf4c       0xa4 ./User/ReadRegistersTask.o
                0x000000000800cf4c                ThreadReadRegistersTask
 .text.ThreadSecurityTask
                0x000000000800cff0     0x1aac ./User/SecurityTask.o
                0x000000000800cff0                ThreadSecurityTask
 .text.meter_rx_buffer_clear
                0x000000000800ea9c       0x34 ./User/ce303.o
                0x000000000800ea9c                meter_rx_buffer_clear
 .text.ce303_voltage
                0x000000000800ead0     0x1498 ./User/ce303.o
                0x000000000800ead0                ce303_voltage
 .text.ce303_current
                0x000000000800ff68     0x1494 ./User/ce303.o
                0x000000000800ff68                ce303_current
 .text.ce303_power
                0x00000000080113fc     0x1498 ./User/ce303.o
                0x00000000080113fc                ce303_power
 .text.ce303_tarif
                0x0000000008012894     0x2478 ./User/ce303.o
                0x0000000008012894                ce303_tarif
 .text.LED1_A2_ON
                0x0000000008014d0c       0x18 ./User/da04_11gwa.o
                0x0000000008014d0c                LED1_A2_ON
 .text.LED1_A2_OFF
                0x0000000008014d24       0x18 ./User/da04_11gwa.o
                0x0000000008014d24                LED1_A2_OFF
 .text.LED1_B2_ON
                0x0000000008014d3c       0x18 ./User/da04_11gwa.o
                0x0000000008014d3c                LED1_B2_ON
 .text.LED1_B2_OFF
                0x0000000008014d54       0x18 ./User/da04_11gwa.o
                0x0000000008014d54                LED1_B2_OFF
 .text.LED1_C2_ON
                0x0000000008014d6c       0x18 ./User/da04_11gwa.o
                0x0000000008014d6c                LED1_C2_ON
 .text.LED1_C2_OFF
                0x0000000008014d84       0x18 ./User/da04_11gwa.o
                0x0000000008014d84                LED1_C2_OFF
 .text.LED1_D2_ON
                0x0000000008014d9c       0x18 ./User/da04_11gwa.o
                0x0000000008014d9c                LED1_D2_ON
 .text.LED1_D2_OFF
                0x0000000008014db4       0x18 ./User/da04_11gwa.o
                0x0000000008014db4                LED1_D2_OFF
 .text.LED1_E2_ON
                0x0000000008014dcc       0x18 ./User/da04_11gwa.o
                0x0000000008014dcc                LED1_E2_ON
 .text.LED1_E2_OFF
                0x0000000008014de4       0x18 ./User/da04_11gwa.o
                0x0000000008014de4                LED1_E2_OFF
 .text.LED1_F2_ON
                0x0000000008014dfc       0x18 ./User/da04_11gwa.o
                0x0000000008014dfc                LED1_F2_ON
 .text.LED1_F2_OFF
                0x0000000008014e14       0x18 ./User/da04_11gwa.o
                0x0000000008014e14                LED1_F2_OFF
 .text.LED1_G2_ON
                0x0000000008014e2c       0x18 ./User/da04_11gwa.o
                0x0000000008014e2c                LED1_G2_ON
 .text.LED1_G2_OFF
                0x0000000008014e44       0x18 ./User/da04_11gwa.o
                0x0000000008014e44                LED1_G2_OFF
 .text.LED1_A1_ON
                0x0000000008014e5c       0x18 ./User/da04_11gwa.o
                0x0000000008014e5c                LED1_A1_ON
 .text.LED1_A1_OFF
                0x0000000008014e74       0x18 ./User/da04_11gwa.o
                0x0000000008014e74                LED1_A1_OFF
 .text.LED1_B1_ON
                0x0000000008014e8c       0x18 ./User/da04_11gwa.o
                0x0000000008014e8c                LED1_B1_ON
 .text.LED1_B1_OFF
                0x0000000008014ea4       0x18 ./User/da04_11gwa.o
                0x0000000008014ea4                LED1_B1_OFF
 .text.LED1_C1_ON
                0x0000000008014ebc       0x18 ./User/da04_11gwa.o
                0x0000000008014ebc                LED1_C1_ON
 .text.LED1_C1_OFF
                0x0000000008014ed4       0x18 ./User/da04_11gwa.o
                0x0000000008014ed4                LED1_C1_OFF
 .text.LED1_D1_ON
                0x0000000008014eec       0x18 ./User/da04_11gwa.o
                0x0000000008014eec                LED1_D1_ON
 .text.LED1_D1_OFF
                0x0000000008014f04       0x18 ./User/da04_11gwa.o
                0x0000000008014f04                LED1_D1_OFF
 .text.LED1_E1_ON
                0x0000000008014f1c       0x18 ./User/da04_11gwa.o
                0x0000000008014f1c                LED1_E1_ON
 .text.LED1_E1_OFF
                0x0000000008014f34       0x18 ./User/da04_11gwa.o
                0x0000000008014f34                LED1_E1_OFF
 .text.LED1_F1_ON
                0x0000000008014f4c       0x18 ./User/da04_11gwa.o
                0x0000000008014f4c                LED1_F1_ON
 .text.LED1_F1_OFF
                0x0000000008014f64       0x18 ./User/da04_11gwa.o
                0x0000000008014f64                LED1_F1_OFF
 .text.LED1_G1_ON
                0x0000000008014f7c       0x18 ./User/da04_11gwa.o
                0x0000000008014f7c                LED1_G1_ON
 .text.LED1_G1_OFF
                0x0000000008014f94       0x18 ./User/da04_11gwa.o
                0x0000000008014f94                LED1_G1_OFF
 .text.LED2_A2_ON
                0x0000000008014fac       0x18 ./User/da04_11gwa.o
                0x0000000008014fac                LED2_A2_ON
 .text.LED2_A2_OFF
                0x0000000008014fc4       0x18 ./User/da04_11gwa.o
                0x0000000008014fc4                LED2_A2_OFF
 .text.LED2_B2_ON
                0x0000000008014fdc       0x18 ./User/da04_11gwa.o
                0x0000000008014fdc                LED2_B2_ON
 .text.LED2_B2_OFF
                0x0000000008014ff4       0x18 ./User/da04_11gwa.o
                0x0000000008014ff4                LED2_B2_OFF
 .text.LED2_C2_ON
                0x000000000801500c       0x18 ./User/da04_11gwa.o
                0x000000000801500c                LED2_C2_ON
 .text.LED2_C2_OFF
                0x0000000008015024       0x18 ./User/da04_11gwa.o
                0x0000000008015024                LED2_C2_OFF
 .text.LED2_D2_ON
                0x000000000801503c       0x18 ./User/da04_11gwa.o
                0x000000000801503c                LED2_D2_ON
 .text.LED2_D2_OFF
                0x0000000008015054       0x18 ./User/da04_11gwa.o
                0x0000000008015054                LED2_D2_OFF
 .text.LED2_E2_ON
                0x000000000801506c       0x18 ./User/da04_11gwa.o
                0x000000000801506c                LED2_E2_ON
 .text.LED2_E2_OFF
                0x0000000008015084       0x18 ./User/da04_11gwa.o
                0x0000000008015084                LED2_E2_OFF
 .text.LED2_F2_ON
                0x000000000801509c       0x18 ./User/da04_11gwa.o
                0x000000000801509c                LED2_F2_ON
 .text.LED2_F2_OFF
                0x00000000080150b4       0x18 ./User/da04_11gwa.o
                0x00000000080150b4                LED2_F2_OFF
 .text.LED2_G2_ON
                0x00000000080150cc       0x18 ./User/da04_11gwa.o
                0x00000000080150cc                LED2_G2_ON
 .text.LED2_G2_OFF
                0x00000000080150e4       0x18 ./User/da04_11gwa.o
                0x00000000080150e4                LED2_G2_OFF
 .text.LED2_A1_ON
                0x00000000080150fc       0x18 ./User/da04_11gwa.o
                0x00000000080150fc                LED2_A1_ON
 .text.LED2_A1_OFF
                0x0000000008015114       0x18 ./User/da04_11gwa.o
                0x0000000008015114                LED2_A1_OFF
 .text.LED2_B1_ON
                0x000000000801512c       0x18 ./User/da04_11gwa.o
                0x000000000801512c                LED2_B1_ON
 .text.LED2_B1_OFF
                0x0000000008015144       0x18 ./User/da04_11gwa.o
                0x0000000008015144                LED2_B1_OFF
 .text.LED2_C1_ON
                0x000000000801515c       0x18 ./User/da04_11gwa.o
                0x000000000801515c                LED2_C1_ON
 .text.LED2_C1_OFF
                0x0000000008015174       0x18 ./User/da04_11gwa.o
                0x0000000008015174                LED2_C1_OFF
 .text.LED2_D1_ON
                0x000000000801518c       0x18 ./User/da04_11gwa.o
                0x000000000801518c                LED2_D1_ON
 .text.LED2_D1_OFF
                0x00000000080151a4       0x18 ./User/da04_11gwa.o
                0x00000000080151a4                LED2_D1_OFF
 .text.LED2_E1_ON
                0x00000000080151bc       0x18 ./User/da04_11gwa.o
                0x00000000080151bc                LED2_E1_ON
 .text.LED2_E1_OFF
                0x00000000080151d4       0x18 ./User/da04_11gwa.o
                0x00000000080151d4                LED2_E1_OFF
 .text.LED2_F1_ON
                0x00000000080151ec       0x18 ./User/da04_11gwa.o
                0x00000000080151ec                LED2_F1_ON
 .text.LED2_F1_OFF
                0x0000000008015204       0x18 ./User/da04_11gwa.o
                0x0000000008015204                LED2_F1_OFF
 .text.LED2_G1_ON
                0x000000000801521c       0x18 ./User/da04_11gwa.o
                0x000000000801521c                LED2_G1_ON
 .text.LED2_G1_OFF
                0x0000000008015234       0x18 ./User/da04_11gwa.o
                0x0000000008015234                LED2_G1_OFF
 .text.dig1_set_0
                0x000000000801524c       0x24 ./User/da04_11gwa.o
                0x000000000801524c                dig1_set_0
 .text.dig1_set_1
                0x0000000008015270       0x24 ./User/da04_11gwa.o
                0x0000000008015270                dig1_set_1
 .text.dig1_set_2
                0x0000000008015294       0x24 ./User/da04_11gwa.o
                0x0000000008015294                dig1_set_2
 .text.dig1_set_3
                0x00000000080152b8       0x24 ./User/da04_11gwa.o
                0x00000000080152b8                dig1_set_3
 .text.dig1_set_4
                0x00000000080152dc       0x24 ./User/da04_11gwa.o
                0x00000000080152dc                dig1_set_4
 .text.dig1_set_5
                0x0000000008015300       0x24 ./User/da04_11gwa.o
                0x0000000008015300                dig1_set_5
 .text.dig1_set_6
                0x0000000008015324       0x24 ./User/da04_11gwa.o
                0x0000000008015324                dig1_set_6
 .text.dig1_set_7
                0x0000000008015348       0x24 ./User/da04_11gwa.o
                0x0000000008015348                dig1_set_7
 .text.dig1_set_8
                0x000000000801536c       0x24 ./User/da04_11gwa.o
                0x000000000801536c                dig1_set_8
 .text.dig1_set_9
                0x0000000008015390       0x24 ./User/da04_11gwa.o
                0x0000000008015390                dig1_set_9
 .text.dig2_set_0
                0x00000000080153b4       0x24 ./User/da04_11gwa.o
                0x00000000080153b4                dig2_set_0
 .text.dig2_set_1
                0x00000000080153d8       0x24 ./User/da04_11gwa.o
                0x00000000080153d8                dig2_set_1
 .text.dig2_set_2
                0x00000000080153fc       0x24 ./User/da04_11gwa.o
                0x00000000080153fc                dig2_set_2
 .text.dig2_set_3
                0x0000000008015420       0x24 ./User/da04_11gwa.o
                0x0000000008015420                dig2_set_3
 .text.dig2_set_4
                0x0000000008015444       0x24 ./User/da04_11gwa.o
                0x0000000008015444                dig2_set_4
 .text.dig2_set_5
                0x0000000008015468       0x24 ./User/da04_11gwa.o
                0x0000000008015468                dig2_set_5
 .text.dig2_set_6
                0x000000000801548c       0x24 ./User/da04_11gwa.o
                0x000000000801548c                dig2_set_6
 .text.dig2_set_7
                0x00000000080154b0       0x24 ./User/da04_11gwa.o
                0x00000000080154b0                dig2_set_7
 .text.dig2_set_8
                0x00000000080154d4       0x24 ./User/da04_11gwa.o
                0x00000000080154d4                dig2_set_8
 .text.dig2_set_9
                0x00000000080154f8       0x24 ./User/da04_11gwa.o
                0x00000000080154f8                dig2_set_9
 .text.dig3_set_0
                0x000000000801551c       0x24 ./User/da04_11gwa.o
                0x000000000801551c                dig3_set_0
 .text.dig3_set_1
                0x0000000008015540       0x24 ./User/da04_11gwa.o
                0x0000000008015540                dig3_set_1
 .text.dig3_set_2
                0x0000000008015564       0x24 ./User/da04_11gwa.o
                0x0000000008015564                dig3_set_2
 .text.dig3_set_3
                0x0000000008015588       0x24 ./User/da04_11gwa.o
                0x0000000008015588                dig3_set_3
 .text.dig3_set_4
                0x00000000080155ac       0x24 ./User/da04_11gwa.o
                0x00000000080155ac                dig3_set_4
 .text.dig3_set_5
                0x00000000080155d0       0x24 ./User/da04_11gwa.o
                0x00000000080155d0                dig3_set_5
 .text.dig3_set_6
                0x00000000080155f4       0x24 ./User/da04_11gwa.o
                0x00000000080155f4                dig3_set_6
 .text.dig3_set_7
                0x0000000008015618       0x24 ./User/da04_11gwa.o
                0x0000000008015618                dig3_set_7
 .text.dig3_set_8
                0x000000000801563c       0x24 ./User/da04_11gwa.o
                0x000000000801563c                dig3_set_8
 .text.dig3_set_9
                0x0000000008015660       0x24 ./User/da04_11gwa.o
                0x0000000008015660                dig3_set_9
 .text.dig4_set_0
                0x0000000008015684       0x24 ./User/da04_11gwa.o
                0x0000000008015684                dig4_set_0
 .text.dig4_set_1
                0x00000000080156a8       0x24 ./User/da04_11gwa.o
                0x00000000080156a8                dig4_set_1
 .text.dig4_set_2
                0x00000000080156cc       0x24 ./User/da04_11gwa.o
                0x00000000080156cc                dig4_set_2
 .text.dig4_set_3
                0x00000000080156f0       0x24 ./User/da04_11gwa.o
                0x00000000080156f0                dig4_set_3
 .text.dig4_set_4
                0x0000000008015714       0x24 ./User/da04_11gwa.o
                0x0000000008015714                dig4_set_4
 .text.dig4_set_5
                0x0000000008015738       0x24 ./User/da04_11gwa.o
                0x0000000008015738                dig4_set_5
 .text.dig4_set_6
                0x000000000801575c       0x24 ./User/da04_11gwa.o
                0x000000000801575c                dig4_set_6
 .text.dig4_set_7
                0x0000000008015780       0x24 ./User/da04_11gwa.o
                0x0000000008015780                dig4_set_7
 .text.dig4_set_8
                0x00000000080157a4       0x24 ./User/da04_11gwa.o
                0x00000000080157a4                dig4_set_8
 .text.dig4_set_9
                0x00000000080157c8       0x24 ./User/da04_11gwa.o
                0x00000000080157c8                dig4_set_9
 .text.fm25v02_read
                0x00000000080157ec       0x74 ./User/fm25v02.o
                0x00000000080157ec                fm25v02_read
 .text.fm25v02_write
                0x0000000008015860       0x98 ./User/fm25v02.o
                0x0000000008015860                fm25v02_write
 .text.fm25v02_fast_write
                0x00000000080158f8       0x48 ./User/fm25v02.o
                0x00000000080158f8                fm25v02_fast_write
 .text.fm25v02_fast_read
                0x0000000008015940       0x7c ./User/fm25v02.o
                0x0000000008015940                fm25v02_fast_read
 .text.BUZ_ON   0x00000000080159bc       0x18 ./User/gpio.o
                0x00000000080159bc                BUZ_ON
 .text.BUZ_OFF  0x00000000080159d4       0x18 ./User/gpio.o
                0x00000000080159d4                BUZ_OFF
 .text.LED_OUT_ON
                0x00000000080159ec       0x18 ./User/gpio.o
                0x00000000080159ec                LED_OUT_ON
 .text.LED_OUT_OFF
                0x0000000008015a04       0x18 ./User/gpio.o
                0x0000000008015a04                LED_OUT_OFF
 .text.LED_OUT_TOGGLE
                0x0000000008015a1c       0x18 ./User/gpio.o
                0x0000000008015a1c                LED_OUT_TOGGLE
 .text.LED_VD3_TOGGLE
                0x0000000008015a34       0x18 ./User/gpio.o
                0x0000000008015a34                LED_VD3_TOGGLE
 .text.LED1_OFF
                0x0000000008015a4c       0x18 ./User/gpio.o
                0x0000000008015a4c                LED1_OFF
 .text.LED1_ON  0x0000000008015a64       0x18 ./User/gpio.o
                0x0000000008015a64                LED1_ON
 .text.LED2_OFF
                0x0000000008015a7c       0x18 ./User/gpio.o
                0x0000000008015a7c                LED2_OFF
 .text.LED2_ON  0x0000000008015a94       0x18 ./User/gpio.o
                0x0000000008015a94                LED2_ON
 .text.LED2_TOGGLE
                0x0000000008015aac       0x14 ./User/gpio.o
                0x0000000008015aac                LED2_TOGGLE
 .text.calc_crc
                0x0000000008015ac0       0x78 ./User/ibutton.o
                0x0000000008015ac0                calc_crc
 .text.ibutton_reset
                0x0000000008015b38       0x58 ./User/ibutton.o
                0x0000000008015b38                ibutton_reset
 .text.ibutton_read_rom
                0x0000000008015b90      0x354 ./User/ibutton.o
                0x0000000008015b90                ibutton_read_rom
 .text.ibutton_search_rom
                0x0000000008015ee4       0xa4 ./User/ibutton.o
                0x0000000008015ee4                ibutton_search_rom
 .text.find_str
                0x0000000008015f88       0x68 ./User/m95.o
                0x0000000008015f88                find_str
 .text.m95_power_on
                0x0000000008015ff0       0x38 ./User/m95.o
                0x0000000008015ff0                m95_power_on
 .text.m95_power_off
                0x0000000008016028       0x38 ./User/m95.o
                0x0000000008016028                m95_power_off
 .text.modem_rx_buffer_clear
                0x0000000008016060       0x34 ./User/m95.o
                0x0000000008016060                modem_rx_buffer_clear
 .text.ATE0     0x0000000008016094       0xac ./User/m95.o
                0x0000000008016094                ATE0
 .text.AT       0x0000000008016140       0xac ./User/m95.o
                0x0000000008016140                AT
 .text.AT_CSQ   0x00000000080161ec       0xfc ./User/m95.o
                0x00000000080161ec                AT_CSQ
 .text.AT_QCCID
                0x00000000080162e8      0x714 ./User/m95.o
                0x00000000080162e8                AT_QCCID
 .text.AT_COPS  0x00000000080169fc       0xb8 ./User/m95.o
                0x00000000080169fc                AT_COPS
 .text.AT_QIOPEN
                0x0000000008016ab4      0x19c ./User/m95.o
                0x0000000008016ab4                AT_QIOPEN
 .text.AT_QISEND
                0x0000000008016c50      0x128 ./User/m95.o
                0x0000000008016c50                AT_QISEND
 .text.AT_QIMUX
                0x0000000008016d78       0xdc ./User/m95.o
                0x0000000008016d78                AT_QIMUX
 .text.AT_QIREGAPP
                0x0000000008016e54       0xf8 ./User/m95.o
                0x0000000008016e54                AT_QIREGAPP
 .text.AT_QIACT
                0x0000000008016f4c       0xd4 ./User/m95.o
                0x0000000008016f4c                AT_QIACT
 .text.AT_QIDEACT
                0x0000000008017020       0xd4 ./User/m95.o
                0x0000000008017020                AT_QIDEACT
 .text.AT_QISTATE
                0x00000000080170f4      0x250 ./User/m95.o
                0x00000000080170f4                AT_QISTATE
 .text.request_to_server
                0x0000000008017344       0x38 ./User/m95.o
                0x0000000008017344                request_to_server
 .text.read_status_registers
                0x000000000801737c     0x10d0 ./User/modbus.o
                0x000000000801737c                read_status_registers
 .text.read_control_registers
                0x000000000801844c      0x8d0 ./User/modbus.o
                0x000000000801844c                read_control_registers
 .text.read_bootloader_registers
                0x0000000008018d1c      0x6a8 ./User/modbus.o
                0x0000000008018d1c                read_bootloader_registers
 .text.CRC16    0x00000000080193c4       0x64 ./User/modbus.o
                0x00000000080193c4                CRC16
 .text.__errno  0x0000000008019428        0xc c:/st/stm32cubeide_1.8.0/stm32cubeide/plugins/com.st.stm32cube.ide.mcu.externaltools.gnu-tools-for-stm32.9-2020-q2-update.win32_2.0.0.202105311346/tools/bin/../lib/gcc/arm-none-eabi/9.3.1/../../../../arm-none-eabi/lib/thumb/v7e-m+fp/hard\libc_nano.a(lib_a-errno.o)
                0x0000000008019428                __errno
 .text.std      0x0000000008019434       0x48 c:/st/stm32cubeide_1.8.0/stm32cubeide/plugins/com.st.stm32cube.ide.mcu.externaltools.gnu-tools-for-stm32.9-2020-q2-update.win32_2.0.0.202105311346/tools/bin/../lib/gcc/arm-none-eabi/9.3.1/../../../../arm-none-eabi/lib/thumb/v7e-m+fp/hard\libc_nano.a(lib_a-findfp.o)
 .text._cleanup_r
                0x000000000801947c        0xc c:/st/stm32cubeide_1.8.0/stm32cubeide/plugins/com.st.stm32cube.ide.mcu.externaltools.gnu-tools-for-stm32.9-2020-q2-update.win32_2.0.0.202105311346/tools/bin/../lib/gcc/arm-none-eabi/9.3.1/../../../../arm-none-eabi/lib/thumb/v7e-m+fp/hard\libc_nano.a(lib_a-findfp.o)
                0x000000000801947c                _cleanup_r
 .text.__sfmoreglue
                0x0000000008019488       0x2c c:/st/stm32cubeide_1.8.0/stm32cubeide/plugins/com.st.stm32cube.ide.mcu.externaltools.gnu-tools-for-stm32.9-2020-q2-update.win32_2.0.0.202105311346/tools/bin/../lib/gcc/arm-none-eabi/9.3.1/../../../../arm-none-eabi/lib/thumb/v7e-m+fp/hard\libc_nano.a(lib_a-findfp.o)
                0x0000000008019488                __sfmoreglue
 .text.__sfp_lock_acquire
                0x00000000080194b4        0xc c:/st/stm32cubeide_1.8.0/stm32cubeide/plugins/com.st.stm32cube.ide.mcu.externaltools.gnu-tools-for-stm32.9-2020-q2-update.win32_2.0.0.202105311346/tools/bin/../lib/gcc/arm-none-eabi/9.3.1/../../../../arm-none-eabi/lib/thumb/v7e-m+fp/hard\libc_nano.a(lib_a-findfp.o)
                0x00000000080194b4                __sfp_lock_acquire
 .text.__sfp_lock_release
                0x00000000080194c0        0xc c:/st/stm32cubeide_1.8.0/stm32cubeide/plugins/com.st.stm32cube.ide.mcu.externaltools.gnu-tools-for-stm32.9-2020-q2-update.win32_2.0.0.202105311346/tools/bin/../lib/gcc/arm-none-eabi/9.3.1/../../../../arm-none-eabi/lib/thumb/v7e-m+fp/hard\libc_nano.a(lib_a-findfp.o)
                0x00000000080194c0                __sfp_lock_release
 .text.__sinit_lock_acquire
                0x00000000080194cc        0xc c:/st/stm32cubeide_1.8.0/stm32cubeide/plugins/com.st.stm32cube.ide.mcu.externaltools.gnu-tools-for-stm32.9-2020-q2-update.win32_2.0.0.202105311346/tools/bin/../lib/gcc/arm-none-eabi/9.3.1/../../../../arm-none-eabi/lib/thumb/v7e-m+fp/hard\libc_nano.a(lib_a-findfp.o)
                0x00000000080194cc                __sinit_lock_acquire
 .text.__sinit_lock_release
                0x00000000080194d8        0xc c:/st/stm32cubeide_1.8.0/stm32cubeide/plugins/com.st.stm32cube.ide.mcu.externaltools.gnu-tools-for-stm32.9-2020-q2-update.win32_2.0.0.202105311346/tools/bin/../lib/gcc/arm-none-eabi/9.3.1/../../../../arm-none-eabi/lib/thumb/v7e-m+fp/hard\libc_nano.a(lib_a-findfp.o)
                0x00000000080194d8                __sinit_lock_release
 .text.__sinit  0x00000000080194e4       0x70 c:/st/stm32cubeide_1.8.0/stm32cubeide/plugins/com.st.stm32cube.ide.mcu.externaltools.gnu-tools-for-stm32.9-2020-q2-update.win32_2.0.0.202105311346/tools/bin/../lib/gcc/arm-none-eabi/9.3.1/../../../../arm-none-eabi/lib/thumb/v7e-m+fp/hard\libc_nano.a(lib_a-findfp.o)
                0x00000000080194e4                __sinit
 .text.__sfp    0x0000000008019554       0x8c c:/st/stm32cubeide_1.8.0/stm32cubeide/plugins/com.st.stm32cube.ide.mcu.externaltools.gnu-tools-for-stm32.9-2020-q2-update.win32_2.0.0.202105311346/tools/bin/../lib/gcc/arm-none-eabi/9.3.1/../../../../arm-none-eabi/lib/thumb/v7e-m+fp/hard\libc_nano.a(lib_a-findfp.o)
                0x0000000008019554                __sfp
 .text._fwalk_reent
                0x00000000080195e0       0x3e c:/st/stm32cubeide_1.8.0/stm32cubeide/plugins/com.st.stm32cube.ide.mcu.externaltools.gnu-tools-for-stm32.9-2020-q2-update.win32_2.0.0.202105311346/tools/bin/../lib/gcc/arm-none-eabi/9.3.1/../../../../arm-none-eabi/lib/thumb/v7e-m+fp/hard\libc_nano.a(lib_a-fwalk.o)
                0x00000000080195e0                _fwalk_reent
 *fill*         0x000000000801961e        0x2 
 .text.__libc_init_array
                0x0000000008019620       0x48 c:/st/stm32cubeide_1.8.0/stm32cubeide/plugins/com.st.stm32cube.ide.mcu.externaltools.gnu-tools-for-stm32.9-2020-q2-update.win32_2.0.0.202105311346/tools/bin/../lib/gcc/arm-none-eabi/9.3.1/../../../../arm-none-eabi/lib/thumb/v7e-m+fp/hard\libc_nano.a(lib_a-init.o)
                0x0000000008019620                __libc_init_array
 .text.__retarget_lock_init_recursive
                0x0000000008019668        0x2 c:/st/stm32cubeide_1.8.0/stm32cubeide/plugins/com.st.stm32cube.ide.mcu.externaltools.gnu-tools-for-stm32.9-2020-q2-update.win32_2.0.0.202105311346/tools/bin/../lib/gcc/arm-none-eabi/9.3.1/../../../../arm-none-eabi/lib/thumb/v7e-m+fp/hard\libc_nano.a(lib_a-lock.o)
                0x0000000008019668                __retarget_lock_init_recursive
 .text.__retarget_lock_acquire_recursive
                0x000000000801966a        0x2 c:/st/stm32cubeide_1.8.0/stm32cubeide/plugins/com.st.stm32cube.ide.mcu.externaltools.gnu-tools-for-stm32.9-2020-q2-update.win32_2.0.0.202105311346/tools/bin/../lib/gcc/arm-none-eabi/9.3.1/../../../../arm-none-eabi/lib/thumb/v7e-m+fp/hard\libc_nano.a(lib_a-lock.o)
                0x000000000801966a                __retarget_lock_acquire_recursive
 .text.__retarget_lock_release_recursive
                0x000000000801966c        0x2 c:/st/stm32cubeide_1.8.0/stm32cubeide/plugins/com.st.stm32cube.ide.mcu.externaltools.gnu-tools-for-stm32.9-2020-q2-update.win32_2.0.0.202105311346/tools/bin/../lib/gcc/arm-none-eabi/9.3.1/../../../../arm-none-eabi/lib/thumb/v7e-m+fp/hard\libc_nano.a(lib_a-lock.o)
                0x000000000801966c                __retarget_lock_release_recursive
 .text.memcpy   0x000000000801966e       0x1c c:/st/stm32cubeide_1.8.0/stm32cubeide/plugins/com.st.stm32cube.ide.mcu.externaltools.gnu-tools-for-stm32.9-2020-q2-update.win32_2.0.0.202105311346/tools/bin/../lib/gcc/arm-none-eabi/9.3.1/../../../../arm-none-eabi/lib/thumb/v7e-m+fp/hard\libc_nano.a(lib_a-memcpy-stub.o)
                0x000000000801966e                memcpy
 .text.memset   0x000000000801968a       0x10 c:/st/stm32cubeide_1.8.0/stm32cubeide/plugins/com.st.stm32cube.ide.mcu.externaltools.gnu-tools-for-stm32.9-2020-q2-update.win32_2.0.0.202105311346/tools/bin/../lib/gcc/arm-none-eabi/9.3.1/../../../../arm-none-eabi/lib/thumb/v7e-m+fp/hard\libc_nano.a(lib_a-memset.o)
                0x000000000801968a                memset
 *fill*         0x000000000801969a        0x2 
 .text._malloc_r
                0x000000000801969c       0xb4 c:/st/stm32cubeide_1.8.0/stm32cubeide/plugins/com.st.stm32cube.ide.mcu.externaltools.gnu-tools-for-stm32.9-2020-q2-update.win32_2.0.0.202105311346/tools/bin/../lib/gcc/arm-none-eabi/9.3.1/../../../../arm-none-eabi/lib/thumb/v7e-m+fp/hard\libc_nano.a(lib_a-nano-mallocr.o)
                0x000000000801969c                _malloc_r
 .text._puts_r  0x0000000008019750       0xdc c:/st/stm32cubeide_1.8.0/stm32cubeide/plugins/com.st.stm32cube.ide.mcu.externaltools.gnu-tools-for-stm32.9-2020-q2-update.win32_2.0.0.202105311346/tools/bin/../lib/gcc/arm-none-eabi/9.3.1/../../../../arm-none-eabi/lib/thumb/v7e-m+fp/hard\libc_nano.a(lib_a-puts.o)
                0x0000000008019750                _puts_r
 .text.puts     0x000000000801982c       0x10 c:/st/stm32cubeide_1.8.0/stm32cubeide/plugins/com.st.stm32cube.ide.mcu.externaltools.gnu-tools-for-stm32.9-2020-q2-update.win32_2.0.0.202105311346/tools/bin/../lib/gcc/arm-none-eabi/9.3.1/../../../../arm-none-eabi/lib/thumb/v7e-m+fp/hard\libc_nano.a(lib_a-puts.o)
                0x000000000801982c                puts
 .text.cleanup_glue
                0x000000000801983c       0x1a c:/st/stm32cubeide_1.8.0/stm32cubeide/plugins/com.st.stm32cube.ide.mcu.externaltools.gnu-tools-for-stm32.9-2020-q2-update.win32_2.0.0.202105311346/tools/bin/../lib/gcc/arm-none-eabi/9.3.1/../../../../arm-none-eabi/lib/thumb/v7e-m+fp/hard\libc_nano.a(lib_a-reent.o)
                0x000000000801983c                cleanup_glue
 *fill*         0x0000000008019856        0x2 
 .text._reclaim_reent
                0x0000000008019858       0xb8 c:/st/stm32cubeide_1.8.0/stm32cubeide/plugins/com.st.stm32cube.ide.mcu.externaltools.gnu-tools-for-stm32.9-2020-q2-update.win32_2.0.0.202105311346/tools/bin/../lib/gcc/arm-none-eabi/9.3.1/../../../../arm-none-eabi/lib/thumb/v7e-m+fp/hard\libc_nano.a(lib_a-reent.o)
                0x0000000008019858                _reclaim_reent
 .text._sbrk_r  0x0000000008019910       0x20 c:/st/stm32cubeide_1.8.0/stm32cubeide/plugins/com.st.stm32cube.ide.mcu.externaltools.gnu-tools-for-stm32.9-2020-q2-update.win32_2.0.0.202105311346/tools/bin/../lib/gcc/arm-none-eabi/9.3.1/../../../../arm-none-eabi/lib/thumb/v7e-m+fp/hard\libc_nano.a(lib_a-sbrkr.o)
                0x0000000008019910                _sbrk_r
 .text.sprintf  0x0000000008019930       0x40 c:/st/stm32cubeide_1.8.0/stm32cubeide/plugins/com.st.stm32cube.ide.mcu.externaltools.gnu-tools-for-stm32.9-2020-q2-update.win32_2.0.0.202105311346/tools/bin/../lib/gcc/arm-none-eabi/9.3.1/../../../../arm-none-eabi/lib/thumb/v7e-m+fp/hard\libc_nano.a(lib_a-sprintf.o)
                0x0000000008019930                siprintf
                0x0000000008019930                sprintf
 .text.__sread  0x0000000008019970       0x22 c:/st/stm32cubeide_1.8.0/stm32cubeide/plugins/com.st.stm32cube.ide.mcu.externaltools.gnu-tools-for-stm32.9-2020-q2-update.win32_2.0.0.202105311346/tools/bin/../lib/gcc/arm-none-eabi/9.3.1/../../../../arm-none-eabi/lib/thumb/v7e-m+fp/hard\libc_nano.a(lib_a-stdio.o)
                0x0000000008019970                __sread
 .text.__swrite
                0x0000000008019992       0x38 c:/st/stm32cubeide_1.8.0/stm32cubeide/plugins/com.st.stm32cube.ide.mcu.externaltools.gnu-tools-for-stm32.9-2020-q2-update.win32_2.0.0.202105311346/tools/bin/../lib/gcc/arm-none-eabi/9.3.1/../../../../arm-none-eabi/lib/thumb/v7e-m+fp/hard\libc_nano.a(lib_a-stdio.o)
                0x0000000008019992                __swrite
 .text.__sseek  0x00000000080199ca       0x24 c:/st/stm32cubeide_1.8.0/stm32cubeide/plugins/com.st.stm32cube.ide.mcu.externaltools.gnu-tools-for-stm32.9-2020-q2-update.win32_2.0.0.202105311346/tools/bin/../lib/gcc/arm-none-eabi/9.3.1/../../../../arm-none-eabi/lib/thumb/v7e-m+fp/hard\libc_nano.a(lib_a-stdio.o)
                0x00000000080199ca                __sseek
 .text.__sclose
                0x00000000080199ee        0x8 c:/st/stm32cubeide_1.8.0/stm32cubeide/plugins/com.st.stm32cube.ide.mcu.externaltools.gnu-tools-for-stm32.9-2020-q2-update.win32_2.0.0.202105311346/tools/bin/../lib/gcc/arm-none-eabi/9.3.1/../../../../arm-none-eabi/lib/thumb/v7e-m+fp/hard\libc_nano.a(lib_a-stdio.o)
                0x00000000080199ee                __sclose
 .text.strstr   0x00000000080199f6       0x2e c:/st/stm32cubeide_1.8.0/stm32cubeide/plugins/com.st.stm32cube.ide.mcu.externaltools.gnu-tools-for-stm32.9-2020-q2-update.win32_2.0.0.202105311346/tools/bin/../lib/gcc/arm-none-eabi/9.3.1/../../../../arm-none-eabi/lib/thumb/v7e-m+fp/hard\libc_nano.a(lib_a-strstr.o)
                0x00000000080199f6                strstr
 .text.__swbuf_r
                0x0000000008019a24       0xa4 c:/st/stm32cubeide_1.8.0/stm32cubeide/plugins/com.st.stm32cube.ide.mcu.externaltools.gnu-tools-for-stm32.9-2020-q2-update.win32_2.0.0.202105311346/tools/bin/../lib/gcc/arm-none-eabi/9.3.1/../../../../arm-none-eabi/lib/thumb/v7e-m+fp/hard\libc_nano.a(lib_a-wbuf.o)
                0x0000000008019a24                __swbuf_r
 .text._write_r
                0x0000000008019ac8       0x24 c:/st/stm32cubeide_1.8.0/stm32cubeide/plugins/com.st.stm32cube.ide.mcu.externaltools.gnu-tools-for-stm32.9-2020-q2-update.win32_2.0.0.202105311346/tools/bin/../lib/gcc/arm-none-eabi/9.3.1/../../../../arm-none-eabi/lib/thumb/v7e-m+fp/hard\libc_nano.a(lib_a-writer.o)
                0x0000000008019ac8                _write_r
 .text.__swsetup_r
                0x0000000008019aec       0xdc c:/st/stm32cubeide_1.8.0/stm32cubeide/plugins/com.st.stm32cube.ide.mcu.externaltools.gnu-tools-for-stm32.9-2020-q2-update.win32_2.0.0.202105311346/tools/bin/../lib/gcc/arm-none-eabi/9.3.1/../../../../arm-none-eabi/lib/thumb/v7e-m+fp/hard\libc_nano.a(lib_a-wsetup.o)
                0x0000000008019aec                __swsetup_r
 .text._close_r
                0x0000000008019bc8       0x20 c:/st/stm32cubeide_1.8.0/stm32cubeide/plugins/com.st.stm32cube.ide.mcu.externaltools.gnu-tools-for-stm32.9-2020-q2-update.win32_2.0.0.202105311346/tools/bin/../lib/gcc/arm-none-eabi/9.3.1/../../../../arm-none-eabi/lib/thumb/v7e-m+fp/hard\libc_nano.a(lib_a-closer.o)
                0x0000000008019bc8                _close_r
 .text.__sflush_r
                0x0000000008019be8      0x10c c:/st/stm32cubeide_1.8.0/stm32cubeide/plugins/com.st.stm32cube.ide.mcu.externaltools.gnu-tools-for-stm32.9-2020-q2-update.win32_2.0.0.202105311346/tools/bin/../lib/gcc/arm-none-eabi/9.3.1/../../../../arm-none-eabi/lib/thumb/v7e-m+fp/hard\libc_nano.a(lib_a-fflush.o)
                0x0000000008019be8                __sflush_r
 .text._fflush_r
                0x0000000008019cf4       0x78 c:/st/stm32cubeide_1.8.0/stm32cubeide/plugins/com.st.stm32cube.ide.mcu.externaltools.gnu-tools-for-stm32.9-2020-q2-update.win32_2.0.0.202105311346/tools/bin/../lib/gcc/arm-none-eabi/9.3.1/../../../../arm-none-eabi/lib/thumb/v7e-m+fp/hard\libc_nano.a(lib_a-fflush.o)
                0x0000000008019cf4                _fflush_r
 .text._lseek_r
                0x0000000008019d6c       0x24 c:/st/stm32cubeide_1.8.0/stm32cubeide/plugins/com.st.stm32cube.ide.mcu.externaltools.gnu-tools-for-stm32.9-2020-q2-update.win32_2.0.0.202105311346/tools/bin/../lib/gcc/arm-none-eabi/9.3.1/../../../../arm-none-eabi/lib/thumb/v7e-m+fp/hard\libc_nano.a(lib_a-lseekr.o)
                0x0000000008019d6c                _lseek_r
 .text.__swhatbuf_r
                0x0000000008019d90       0x48 c:/st/stm32cubeide_1.8.0/stm32cubeide/plugins/com.st.stm32cube.ide.mcu.externaltools.gnu-tools-for-stm32.9-2020-q2-update.win32_2.0.0.202105311346/tools/bin/../lib/gcc/arm-none-eabi/9.3.1/../../../../arm-none-eabi/lib/thumb/v7e-m+fp/hard\libc_nano.a(lib_a-makebuf.o)
                0x0000000008019d90                __swhatbuf_r
 .text.__smakebuf_r