core_cm4.h:1939:34:__NVIC_SystemReset	4	static,ignoring_inline_asm
main.c:166:6:HAL_UART_TxCpltCallback	16	static
main.c:184:6:HAL_UART_RxCpltCallback	16	static
main.c:215:5:main	512	static
main.c:386:6:SystemClock_Config	88	static
main.c:435:13:MX_ADC1_Init	56	static
main.c:520:13:MX_IWDG_Init	8	static
main.c:548:13:MX_RTC_Init	32	static
main.c:611:13:MX_SPI2_Init	8	static
main.c:649:13:MX_USART1_UART_Init	8	static
main.c:682:13:MX_USART3_UART_Init	8	static
main.c:715:13:MX_USART6_UART_Init	8	static
main.c:746:13:MX_DMA_Init	16	static
main.c:774:13:MX_GPIO_Init	64	static
main.c:945:6:Callback_AT_Timer	16	static
main.c:952:6:Callback_Ring_Center_Timer	16	static
main.c:967:6:StartDefaultTask	16	static
main.c:990:6:HAL_TIM_PeriodElapsedCallback	16	static
main.c:1007:6:Error_Handler	8	static
